 sdksample_debug

 Timestamp is 5272401b (Thu Oct 31 12:33:47 2013)

 Preferred load address is 00400000

 Start         Length     Name                   Class
 0001:00000000 0001cf50H .textbss                DATA
 0002:00000000 0003cd2eH .text                   CODE
 0003:00000000 00000104H .CRT$XCA                DATA
 0003:00000104 00000104H .CRT$XCAA               DATA
 0003:00000208 00000104H .CRT$XCZ                DATA
 0003:0000030c 00000104H .CRT$XIA                DATA
 0003:00000410 00000104H .CRT$XIAA               DATA
 0003:00000514 00000104H .CRT$XIY                DATA
 0003:00000618 00000104H .CRT$XIZ                DATA
 0003:00000720 00011d77H .rdata                  DATA
 0003:00012498 000001a3H .rdata$debug            DATA
 0003:0001263c 00000104H .rtc$IAA                DATA
 0003:00012740 00000151H .rtc$IMZ                DATA
 0003:00012894 00000104H .rtc$IZZ                DATA
 0003:00012998 00000104H .rtc$TAA                DATA
 0003:00012a9c 00000151H .rtc$TMZ                DATA
 0003:00012bf0 00000104H .rtc$TZZ                DATA
 0003:00012cf8 000001b1H .xdata$x                DATA
 0003:00012eb0 000009eaH .edata                  DATA
 0004:00000000 000018e0H .data                   DATA
 0004:000018e0 0000cb84H .bss                    DATA
 0005:00000000 00000050H .idata$2                DATA
 0005:00000050 00000014H .idata$3                DATA
 0005:00000064 000006fcH .idata$4                DATA
 0005:00000760 000006fcH .idata$5                DATA
 0005:00000e5c 00002355H .idata$6                DATA
 0006:00000000 00000169H .rsrc$01                DATA
 0006:00000170 00000a99H .rsrc$02                DATA

  Address         Publics by Value              Rva+Base       Lib:Object

 0000:00000000       ___safe_se_handler_table   00000000     <absolute>
 0000:00000000       ___safe_se_handler_count   00000000     <absolute>
 0000:00000000       ___ImageBase               00400000     <linker-defined>
 0001:00000000       __enc$textbss$begin        00401000     <linker-defined>
 0001:0001cf50       __enc$textbss$end          0041df50     <linker-defined>
 0002:00002480       _TestSelectRmtAudioDev     00420480 f   av_tst.obj
 0002:00002520       _TestSelectAudioSvc        00420520 f   av_tst.obj
 0002:000025c0       _TestShowAVRCPServerMenu   004205c0 f   av_tst.obj
 0002:000026d0       _TestShowPassThroughMenu   004206d0 f   av_tst.obj
 0002:00002920       _TestChooseAVRCPPassThroughCommand 00420920 f   av_tst.obj
 0002:00002a70       _TestSelectAVRCPSvc        00420a70 f   av_tst.obj
 0002:00002c40       _TestAVRCPShowMenu         00420c40 f   av_tst.obj
 0002:00002f80       _SendPassThroughCommand    00420f80 f   av_tst.obj
 0002:000030b0       _TestAVRCPCTFunc           004210b0 f   av_tst.obj
 0002:000032c0       _TestAVRCPTGFunc           004212c0 f   av_tst.obj
 0002:00003c70       _TestConnectAVRCPSvc       00421c70 f   av_tst.obj
 0002:000040e0       _TestAVRCPBattStatusMenu   004220e0 f   av_tst.obj
 0002:00004240       _TestAVRCPBrowseShowMenu   00422240 f   av_tst.obj
 0002:00004420       _AVRCPNowPlayingReq        00422420 f   av_tst.obj
 0002:000044b0       _AVRCPPlayItemReq          004224b0 f   av_tst.obj
 0002:00004600       _AVRCPGetItemAttrReq       00422600 f   av_tst.obj
 0002:00004790       _AVRCPSetBrowsedPlayerReq  00422790 f   av_tst.obj
 0002:000048c0       _AVRCPGetFolderItem        004228c0 f   av_tst.obj
 0002:00004a60       _AVRCPSetAbsoluteVolCfm    00422a60 f   av_tst.obj
 0002:00004ad0       _AVRCPVolumeChangedReq     00422ad0 f   av_tst.obj
 0002:00004b60       _AVRCPSystemStatusChangedReq 00422b60 f   av_tst.obj
 0002:00004bf0       _AVRCPBattStatusChangedReq 00422bf0 f   av_tst.obj
 0002:00004c90       _AVRCPTrackReachedStart    00422c90 f   av_tst.obj
 0002:00004d30       _AVRCPTrackReachedEnd      00422d30 f   av_tst.obj
 0002:00004dd0       _AVRCPSetAddressedPlayerReq 00422dd0 f   av_tst.obj
 0002:00004f00       _AVRCPChangePathReq        00422f00 f   av_tst.obj
 0002:00005030       _AVRCPSearchReq            00423030 f   av_tst.obj
 0002:00005230       _TestBrowsingCommand       00423230 f   av_tst.obj
 0002:00005330       _AVRCPStatusNormal         00423330 f   av_tst.obj
 0002:00005410       _AVRCPStatusWarning        00423410 f   av_tst.obj
 0002:000054f0       _AVRCPStatusCritical       004234f0 f   av_tst.obj
 0002:000055d0       _AVRCPStatusExternal       004235d0 f   av_tst.obj
 0002:000056b0       _AVRCPStatusFullCharge     004236b0 f   av_tst.obj
 0002:00005790       _TestBattStatusCommand     00423790 f   av_tst.obj
 0002:00005850       _TestAVRCPInformBattStatusFunc 00423850 f   av_tst.obj
 0002:000059b0       _TestAVRCPSetCurPlayerSettingValFunc 004239b0 f   av_tst.obj
 0002:00005be0       _TestAVRCPSetAbsoluteVolFunc 00423be0 f   av_tst.obj
 0002:00005ce0       _TestAVRCPBrowsing         00423ce0 f   av_tst.obj
 0002:00005e40       _TestDisconnectAVRCPSvc    00423e40 f   av_tst.obj
 0002:00005f50       _TestConnectAudioSvc       00423f50 f   av_tst.obj
 0002:00006000       _AVRCP_Event_CbkFunc       00424000 f   av_tst.obj
 0002:000060e0       _AVRCP_PassThr_Cmd_CbkFunc 004240e0 f   av_tst.obj
 0002:000063d0       _TestAVShowMenu            004243d0 f   av_tst.obj
 0002:00006520       _TestAVRCPShowWorkMenu     00424520 f   av_tst.obj
 0002:00006670       _AVRCP_App_GetElementAttrInd 00424670 f   av_tst.obj
 0002:00006ac0       _AVRCP_App_GetCapabilitiesInd 00424ac0 f   av_tst.obj
 0002:00006dc0       _AVRCP_App_ListPlayerAppSetAttrInd 00424dc0 f   av_tst.obj
 0002:00006f30       _AVRCP_App_ListPlayerAppSetValInd 00424f30 f   av_tst.obj
 0002:00007360       _AVRCP_App_GetPlayerAppSetAttrTxtInd 00425360 f   av_tst.obj
 0002:00007710       _AVRCP_App_GetPlayerAppSetValTxtInd 00425710 f   av_tst.obj
 0002:00007ad0       _AVRCP_App_SetAddressedPlayerInd 00425ad0 f   av_tst.obj
 0002:00007c20       _AVRCP_App_InformBattStatusInd 00425c20 f   av_tst.obj
 0002:00007db0       _AVRCP_App_SetAbsoluteVolRsp 00425db0 f   av_tst.obj
 0002:00007ec0       _AVRCP_App_NotifSet        00425ec0 f   av_tst.obj
 0002:000087b0       _AVRCP_App_RegNotifInd     004267b0 f   av_tst.obj
 0002:00008ba0       _App_AVRCP_TG_Cmd_Cbk      00426ba0 f   av_tst.obj
 0002:000094b0       _AVRCP_App_GetCapabilitiesCfm 004274b0 f   av_tst.obj
 0002:000095b0       _AVRCP_App_GetElementAttrCfm 004275b0 f   av_tst.obj
 0002:00009b50       _AVRCP_App_RegNotifReq     00427b50 f   av_tst.obj
 0002:00009c40       _AVRCP_App_GetElementAttrReq 00427c40 f   av_tst.obj
 0002:00009da0       _AVRCP_APP_InformCharSetReq 00427da0 f   av_tst.obj
 0002:00009ed0       _AVRCP_App_ListPlayerAppSetAttrReq 00427ed0 f   av_tst.obj
 0002:00009f50       _AVRCP_APP_GetPlayerAppSetAttrTxtReq 00427f50 f   av_tst.obj
 0002:0000a080       _AVRCP_APP_GetPlayerAppSetValTxtReq 00428080 f   av_tst.obj
 0002:0000a2f0       _AVRCP_App_ListPlayerAppSetValReq 004282f0 f   av_tst.obj
 0002:0000a4b0       _AVRCP_App_GetCurPlayerAppSetValReq 004284b0 f   av_tst.obj
 0002:0000a650       _AVRCP_APP_GetPlayerAppSetValTxtCfm 00428650 f   av_tst.obj
 0002:0000a7d0       _AVRCP_APP_GetPlayerAppSetAttrTxtCfm 004287d0 f   av_tst.obj
 0002:0000a950       _AVRCP_APP_SetCurPlayerAppSetValCfm 00428950 f   av_tst.obj
 0002:0000a9b0       _AVRCP_App_GetCurPlayerAppSetValChangedCfm 004289b0 f   av_tst.obj
 0002:0000aa40       _AVRCP_App_PlaybackPosChangedCfm 00428a40 f   av_tst.obj
 0002:0000aba0       _AVRCP_App_GetCapabilitiesReq 00428ba0 f   av_tst.obj
 0002:0000ac80       _AVRCP_App_PlaybackStatusChangedCfm 00428c80 f   av_tst.obj
 0002:0000ad20       _AVRCP_App_GetCurPlayerAppSetValCfm 00428d20 f   av_tst.obj
 0002:0000afe0       _AVRCP_CT_Response_Cbk_Func 00428fe0 f   av_tst.obj
 0002:0000b6b0       _AVRCP_App_SetAddressedPlayerCfm 004296b0 f   av_tst.obj
 0002:0000b740       _AVRCP_App_ListPlayerAppSetValCfm 00429740 f   av_tst.obj
 0002:0000b7e0       _AVRCP_App_ListPlayerAppSetAttrCfm 004297e0 f   av_tst.obj
 0002:0000b8d0       _AVRCP_App_InformBattStatusCfm 004298d0 f   av_tst.obj
 0002:0000b940       _TestAVRCPFunc             00429940 f   av_tst.obj
 0002:0000bbd0       _TestAVFunc                00429bd0 f   av_tst.obj
 0002:0000be20       _AVRCP_App_GeneralRejectRsp 00429e20 f   av_tst.obj
 0002:0000bef0       _AVRCP_APP_AddToNowPlayingInd 00429ef0 f   av_tst.obj
 0002:0000bf20       _AVRCP_App_GetPlayStatusInd 00429f20 f   av_tst.obj
 0002:0000bff0       _AVRCP_App_GetCurPlayerAppSetValInd 00429ff0 f   av_tst.obj
 0002:0000c300       _AVRCP_App_SetCurPlayerAppSetValInd 0042a300 f   av_tst.obj
 0002:0000c5b0       _AVRCP_call_Back_events_reg 0042a5b0 f   av_tst.obj
 0002:0000c630       _AVRCP_call_Back_events_dereg 0042a630 f   av_tst.obj
 0002:0000c6a0       _AVRCP_Exp_GetPlayerAppSetAttrTextInd 0042a6a0 f   av_tst.obj
 0002:0000c910       _AVRCP_Exp_GetFolderItemInd 0042a910 f   av_tst.obj
 0002:0000e030       _TestSelectRmtFTPDev       0042c030 f   ftpopp_tst.obj
 0002:0000e0b0       _TestSelectRmtOPPDev       0042c0b0 f   ftpopp_tst.obj
 0002:0000e130       _TestSelectFTPSvc          0042c130 f   ftpopp_tst.obj
 0002:0000e1b0       _TestSelectOPPSvc          0042c1b0 f   ftpopp_tst.obj
 0002:0000e230       _TestConnectFTPSvc         0042c230 f   ftpopp_tst.obj
 0002:0000e2c0       _TestConnectOPPSvc         0042c2c0 f   ftpopp_tst.obj
 0002:0000e350       _ListRemoteOneFile         0042c350 f   ftpopp_tst.obj
 0002:0000e590       _SelectFileNumFromList     0042c590 f   ftpopp_tst.obj
 0002:0000e820       _FTPStatusCallback         0042c820 f   ftpopp_tst.obj
 0002:0000e950       _FTPTestShowMenu           0042c950 f   ftpopp_tst.obj
 0002:0000eaf0       _FTPExecCmd                0042caf0 f   ftpopp_tst.obj
 0002:0000f820       _TestFTPFunc               0042d820 f   ftpopp_tst.obj
 0002:0000f9e0       _OPPTestShowMenu           0042d9e0 f   ftpopp_tst.obj
 0002:0000fb10       _InitOPP                   0042db10 f   ftpopp_tst.obj
 0002:0000fb40       _OPPExecCmd                0042db40 f   ftpopp_tst.obj
 0002:000100d0       _TestOPPFunc               0042e0d0 f   ftpopp_tst.obj
 0002:00010240       _GetNameByUUID             0042e240 f   gatt_test.obj
 0002:000102c0       _ClearResources            0042e2c0 f   gatt_test.obj
 0002:00010380       _FormateUUIDToBLEAssignedNum 0042e380 f   gatt_test.obj
 0002:00010410       _GATTShowMenu              0042e410 f   gatt_test.obj
 0002:00010640       _TestSelectRmtBLEDev       0042e640 f   gatt_test.obj
 0002:000106c0       _ShowGATTServices          0042e6c0 f   gatt_test.obj
 0002:00010830       _ShowGATTCharacteristics   0042e830 f   gatt_test.obj
 0002:00010990       _ShowGATTDescriptors       0042e990 f   gatt_test.obj
 0002:00010af0       _GATTGetServices           0042eaf0 f   gatt_test.obj
 0002:00010bd0       _GATTGetCharacteristics    0042ebd0 f   gatt_test.obj
 0002:00010d80       _GATTGetCharacteristicsValue 0042ed80 f   gatt_test.obj
 0002:000110c0       _GATTSetCharacteristicsValue 0042f0c0 f   gatt_test.obj
 0002:00011400       _GATTGetDescriptors        0042f400 f   gatt_test.obj
 0002:000115b0       _GATTGetDescriptorValue    0042f5b0 f   gatt_test.obj
 0002:000118f0       _GATTSetDescriptorValue    0042f8f0 f   gatt_test.obj
 0002:00011bd0       _GATTEndSession            0042fbd0 f   gatt_test.obj
 0002:00011c70       _GATTGetAppearance         0042fc70 f   gatt_test.obj
 0002:00011d80       _GATTValueCbk              0042fd80 f   gatt_test.obj
 0002:00011e80       _GATTRegisterEvent         0042fe80 f   gatt_test.obj
 0002:00012080       _GATTUnregisterEvent       00430080 f   gatt_test.obj
 0002:00012130       _GATTExecCmd               00430130 f   gatt_test.obj
 0002:00012310       _TestGATT                  00430310 f   gatt_test.obj
 0002:00012450       _GetAllRmtLEDevHdl         00430450 f   gatt_test.obj
 0002:00012580       _AppInquiryLEDevInd        00430580 f   gatt_test.obj
 0002:00012610       _AppInqLEDevCompInd        00430610 f   gatt_test.obj
 0002:00012690       _StartSearchLEDevice       00430690 f   gatt_test.obj
 0002:00012990       _DisplayRemoteLEDevices    00430990 f   gatt_test.obj
 0002:00012d50       _SelectRemoteLEDevice      00430d50 f   gatt_test.obj
 0002:00012f80       _AppConnectionCompleteCbk  00430f80 f   gatt_test.obj
 0002:00013200       _AppDisconnectionCompleteCbk 00431200 f   gatt_test.obj
 0002:00013480       _AppDeviceFoundFuncCbk     00431480 f   gatt_test.obj
 0002:00013730       _IsDeviceHdlInList         00431730 f   gatt_test.obj
 0002:000137c0       _Test_HfpAgCallbackFunc    004317c0 f   hfp_tst.obj
 0002:00013e50       _Test_HfpAPCallbackFunc    00431e50 f   hfp_tst.obj
 0002:00014620       _HfpShowMenu               00432620 f   hfp_tst.obj
 0002:00014730       _HfpAGShowMenu             00432730 f   hfp_tst.obj
 0002:00014840       _HfpAPShowMenu             00432840 f   hfp_tst.obj
 0002:00014b20       _TestSelectRmtHFDev        00432b20 f   hfp_tst.obj
 0002:00014ba0       _TestSelectHFSvc           00432ba0 f   hfp_tst.obj
 0002:00014c20       _TestConnectAGSvc          00432c20 f   hfp_tst.obj
 0002:00014cd0       _TestConnectHFSvc          00432cd0 f   hfp_tst.obj
 0002:00014d80       _HfpAGExecCmd              00432d80 f   hfp_tst.obj
 0002:00014f70       _HfpAPExecCmd              00432f70 f   hfp_tst.obj
 0002:00015710       _HfpExecCmd                00433710 f   hfp_tst.obj
 0002:00015980       _HfpInit                   00433980 f   hfp_tst.obj
 0002:00015a60       _HfpDone                   00433a60 f   hfp_tst.obj
 0002:00015b00       _TestHfpFunc               00433b00 f   hfp_tst.obj
 0002:00015c70       _TestSelectRmtHidDev       00433c70 f   hid_tst.obj
 0002:00015cf0       _TestConnectHidSvc         00433cf0 f   hid_tst.obj
 0002:00015fc0       _HidShowMenu               00433fc0 f   hid_tst.obj
 0002:000160d0       _HidExecCmd                004340d0 f   hid_tst.obj
 0002:00016300       _TestHidFunc               00434300 f   hid_tst.obj
 0002:000164c0       _Test_Btsdk_SetLocalName   004344c0 f   loc_dev_tst.obj
 0002:00016650       _Test_Btsdk_SetDiscoveryMode 00434650 f   loc_dev_tst.obj
 0002:00016940       _Test_Btsdk_SetLocalDeviceClass 00434940 f   loc_dev_tst.obj
 0002:00016af0       _Test_Btsdk_GetLocalLMPInfo 00434af0 f   loc_dev_tst.obj
 0002:00016d70       _Test_Print_Local_Info     00434d70 f   loc_dev_tst.obj
 0002:00017100       _Test_Get_Local_OOB_Info   00435100 f   loc_dev_tst.obj
 0002:00017230       _LocDevShowMenu            00435230 f   loc_dev_tst.obj
 0002:000173b0       _LocDevExecCmd             004353b0 f   loc_dev_tst.obj
 0002:000174a0       _TestLocDevMgr             004354a0 f   loc_dev_tst.obj
 0002:000175e0       _MAP_ConvertFileTime       004355e0 f   map_tst.obj
 0002:000176c0       _MAP_file_open             004356c0 f   map_tst.obj
 0002:00017900       _MAP_set_value             00435900 f   map_tst.obj
 0002:00017b90       _MAP_noti_func             00435b90 f   map_tst.obj
 0002:00017de0       _MAP_GetRootDir            00435de0 f   map_tst.obj
 0002:00017fb0       _MAP_ChangeDir             00435fb0 f   map_tst.obj
 0002:00018010       _MAP_OpenFile              00436010 f   map_tst.obj
 0002:00018090       _MAP_CreateFile            00436090 f   map_tst.obj
 0002:00018130       _MAP_WriteFile             00436130 f   map_tst.obj
 0002:000181b0       _MAP_ReadFile              004361b0 f   map_tst.obj
 0002:00018250       _MAP_GetFilesize           00436250 f   map_tst.obj
 0002:000183a0       _MAP_Rewind                004363a0 f   map_tst.obj
 0002:00018420       _MAP_CloseFile             00436420 f   map_tst.obj
 0002:00018490       _MAP_CheckFilterMsgType    00436490 f   map_tst.obj
 0002:000185e0       _MAP_CheckFilterPeriod     004365e0 f   map_tst.obj
 0002:000186e0       _MAP_CheckFilterReadStatus 004366e0 f   map_tst.obj
 0002:000187c0       _MAP_CheckFilterRecipient  004367c0 f   map_tst.obj
 0002:00018ab0       _MAP_CheckFilterOriginator 00436ab0 f   map_tst.obj
 0002:00018ca0       _MAP_GetAddressing         00436ca0 f   map_tst.obj
 0002:00018f40       _MAP_SetMsgObjValue        00436f40 f   map_tst.obj
 0002:000198b0       _MAP_FindFirstFolder       004378b0 f   map_tst.obj
 0002:00019b50       _MAP_FindNextFolder        00437b50 f   map_tst.obj
 0002:00019ce0       _MAP_FindFolderClose       00437ce0 f   map_tst.obj
 0002:00019d40       _MAP_FindFirstMessage      00437d40 f   map_tst.obj
 0002:00019ef0       _MAP_FindNextMessage       00437ef0 f   map_tst.obj
 0002:0001a030       _MAP_FindMessageClose      00438030 f   map_tst.obj
 0002:0001a090       _MAP_FindMessageInDir      00438090 f   map_tst.obj
 0002:0001a360       _MAP_GetMessagePath        00438360 f   map_tst.obj
 0002:0001a730       _MAP_IsValidHdl            00438730 f   map_tst.obj
 0002:0001a880       _MAP_AssigndHdl            00438880 f   map_tst.obj
 0002:0001a930       _MAP_PushMsgThread@4       00438930 f   map_tst.obj
 0002:0001ac50       _MAP_CreateBMsgFile        00438c50 f   map_tst.obj
 0002:0001ad40       _MAP_OpenBMsgFile          00438d40 f   map_tst.obj
 0002:0001ae60       _MAP_ModifyMsgStatus       00438e60 f   map_tst.obj
 0002:0001b3c0       _MAP_RegisterNotification  004393c0 f   map_tst.obj
 0002:0001b470       _MAP_UnpdateInbox          00439470 f   map_tst.obj
 0002:0001b4d0       _MAP_GetMSETime            004394d0 f   map_tst.obj
 0002:0001b5d0       _MAP_PushMessage           004395d0 f   map_tst.obj
 0002:0001b710       _RegisterMNSService        00439710 f   map_tst.obj
 0002:0001b860       _MSERegisterMASService     00439860 f   map_tst.obj
 0002:0001ba90       _TestSelectRmtMAPDev       00439a90 f   map_tst.obj
 0002:0001bb10       _TestSelectMAPSvc          00439b10 f   map_tst.obj
 0002:0001bb90       _TestConnectMAPSvc         00439b90 f   map_tst.obj
 0002:0001bc20       _MCETestShowMenu           00439c20 f   map_tst.obj
 0002:0001be50       _MAPAppStatusCB            00439e50 f   map_tst.obj
 0002:0001bf90       _TestGetFolderList         00439f90 f   map_tst.obj
 0002:0001c2c0       _TestSetFolder             0043a2c0 f   map_tst.obj
 0002:0001c420       _TestGetMessageList        0043a420 f   map_tst.obj
 0002:0001ca90       _TestGetMessage            0043aa90 f   map_tst.obj
 0002:0001cfc0       _ShowStatusMenu            0043afc0 f   map_tst.obj
 0002:0001d110       _TestSetMessageStatus      0043b110 f   map_tst.obj
 0002:0001d5c0       _TestPushMessage           0043b5c0 f   map_tst.obj
 0002:0001dae0       _TestUpdateInbox           0043bae0 f   map_tst.obj
 0002:0001db90       _SelectMessage             0043bb90 f   map_tst.obj
 0002:0001dd40       _TestDeleteMessage         0043bd40 f   map_tst.obj
 0002:0001e2b0       _SetNotificationOn         0043c2b0 f   map_tst.obj
 0002:0001e360       _SetNotificationOff        0043c360 f   map_tst.obj
 0002:0001e410       _MSELaunchServer           0043c410 f   map_tst.obj
 0002:0001e460       _MCEExecCmd                0043c460 f   map_tst.obj
 0002:0001e620       _MAPTestShowMenu           0043c620 f   map_tst.obj
 0002:0001e770       _MAPExecCmd                0043c770 f   map_tst.obj
 0002:0001e990       _TestMAPFunc               0043c990 f   map_tst.obj
 0002:0001ead0       _TestPANShowMenu           0043cad0 f   pan_tst.obj
 0002:0001ec20       _TestSelectRmtPANDev       0043cc20 f   pan_tst.obj
 0002:0001ecc0       _TestSelectPANSvc          0043ccc0 f   pan_tst.obj
 0002:0001ed40       _TestConnectPANSvc         0043cd40 f   pan_tst.obj
 0002:0001edd0       _Btsdk_PAN_Event_CbkFunc   0043cdd0 f   pan_tst.obj
 0002:0001ef30       _TestPANFunc               0043cf30 f   pan_tst.obj
 0002:0001f180       _APP_FindFirstFile         0043d180 f   pbap_tst.obj
 0002:0001f3e0       _APP_FindNextFile          0043d3e0 f   pbap_tst.obj
 0002:0001f4e0       _APP_FindFileClose         0043d4e0 f   pbap_tst.obj
 0002:0001f540       _APP_ChangeDir             0043d540 f   pbap_tst.obj
 0002:0001f590       _PSE_ChangeDir             0043d590 f   pbap_tst.obj
 0002:0001f600       _APP_CreateDir             0043d600 f   pbap_tst.obj
 0002:0001f650       _APP_OpenFile              0043d650 f   pbap_tst.obj
 0002:0001f6c0       _PSE_GetFullPath           0043d6c0 f   pbap_tst.obj
 0002:0001f780       _PSE_OpenFile              0043d780 f   pbap_tst.obj
 0002:0001f890       _APP_CreateFile            0043d890 f   pbap_tst.obj
 0002:0001f930       _APP_CloseFile             0043d930 f   pbap_tst.obj
 0002:0001f9a0       _APP_WriteFile             0043d9a0 f   pbap_tst.obj
 0002:0001fa20       _APP_ReadFile              0043da20 f   pbap_tst.obj
 0002:0001fac0       _APP_GetFilesize           0043dac0 f   pbap_tst.obj
 0002:0001fc10       _APP_Rewind                0043dc10 f   pbap_tst.obj
 0002:0001fc90       _APP_GetNewMissedCalls     0043dc90 f   pbap_tst.obj
 0002:0001fe90       _TestSelectRmtPBAPDev      0043de90 f   pbap_tst.obj
 0002:0001ff10       _TestSelectPBAPSvc         0043df10 f   pbap_tst.obj
 0002:0001ff90       _TestConnectPBAPSvc        0043df90 f   pbap_tst.obj
 0002:00020020       _GetRmtPSEAttribute        0043e020 f   pbap_tst.obj
 0002:00020140       _RegisterPbapService       0043e140 f   pbap_tst.obj
 0002:00020410       _PSERegisterPbapService    0043e410 f   pbap_tst.obj
 0002:000206e0       _PSEGetDefaultRootDir      0043e6e0 f   pbap_tst.obj
 0002:00020890       _TestSetPhonebookPath      0043e890 f   pbap_tst.obj
 0002:00020a10       _PbapAppStatusCB           0043ea10 f   pbap_tst.obj
 0002:00020b50       _TestGetPhoneBook          0043eb50 f   pbap_tst.obj
 0002:000211e0       _TestGetvCardListing       0043f1e0 f   pbap_tst.obj
 0002:00021690       _TestGetvCardEntry         0043f690 f   pbap_tst.obj
 0002:00021b00       _PBAPTestShowMenu          0043fb00 f   pbap_tst.obj
 0002:00021c50       _PCETestShowMenu           0043fc50 f   pbap_tst.obj
 0002:00021dd0       _PCEExecCmd                0043fdd0 f   pbap_tst.obj
 0002:00021f40       _PSELaunchServer           0043ff40 f   pbap_tst.obj
 0002:00021f90       _PbapExecCmd               0043ff90 f   pbap_tst.obj
 0002:000221b0       _TestPBAPFunc              004401b0 f   pbap_tst.obj
 0002:000222f0       _file_open                 004402f0 f   pbap_tst.obj
 0002:00022530       _getSubString              00440530 f   pbap_tst.obj
 0002:000226d0       _setVcardName              004406d0 f   pbap_tst.obj
 0002:00023210       _setVcardTeleNum           00441210 f   pbap_tst.obj
 0002:00023440       _analyseVcardEntry         00441440 f   pbap_tst.obj
 0002:00023760       _ProfilesTestShowMenu      00441760 f   profiles_tst.obj
 0002:00023990       _GetConnectionInfo         00441990 f   profiles_tst.obj
 0002:00023b50       _ProfilesMgrExc            00441b50 f   profiles_tst.obj
 0002:00023ce0       _TestProfiles              00441ce0 f   profiles_tst.obj
 0002:00023e20       _PrintErrorMessage         00441e20 f   report.obj
 0002:00024690       _MultibyteToMultibyte      00442690 f   rmt_dev_tst.obj
 0002:00024820       _WriteSimplePairMode       00442820 f   rmt_dev_tst.obj
 0002:000248f0       _PrintBdAddr               004428f0 f   rmt_dev_tst.obj
 0002:000249b0       _AppInquiryInd             004429b0 f   rmt_dev_tst.obj
 0002:00024aa0       _AppInqCompInd             00442aa0 f   rmt_dev_tst.obj
 0002:00024b20       _AppConnCompleteInd        00442b20 f   rmt_dev_tst.obj
 0002:00024bc0       _AppConnEventInd           00442bc0 f   rmt_dev_tst.obj
 0002:00024e50       _ThirdpartyPinCodeThread@4 00442e50 f   rmt_dev_tst.obj
 0002:00024f80       _ThirdpartyIOCapReqThread@4 00442f80 f   rmt_dev_tst.obj
 0002:00024fe0       _ThirdpartyUserCfmReqThread@4 00442fe0 f   rmt_dev_tst.obj
 0002:000251c0       _ThirdpartyAppPassKeyReqThread 004431c0 f   rmt_dev_tst.obj
 0002:00025300       _ThirdpartyAppRemoteOOBDataReqThread 00443300 f   rmt_dev_tst.obj
 0002:00025330       _ThirdpartyAppPassKeyNotifyThread 00443330 f   rmt_dev_tst.obj
 0002:000253c0       _ThirdpartySimplePairCompleteThread@4 004433c0 f   rmt_dev_tst.obj
 0002:00025480       _ApppincodeInd             00443480 f   rmt_dev_tst.obj
 0002:00025530       _AppIOCapReqInd            00443530 f   rmt_dev_tst.obj
 0002:000255e0       _AppUserCfmReqInd          004435e0 f   rmt_dev_tst.obj
 0002:000256c0       _AppPassKeyRequest         004436c0 f   rmt_dev_tst.obj
 0002:00025750       _AppRemoteOOBDataRequest   00443750 f   rmt_dev_tst.obj
 0002:000257e0       _AppPassKeyNotify          004437e0 f   rmt_dev_tst.obj
 0002:000258c0       _AppSimplePairCompleteInd  004438c0 f   rmt_dev_tst.obj
 0002:000259c0       _AppObexAuthenticationReqInd 004439c0 f   rmt_dev_tst.obj
 0002:00025bd0       _ThirdpartyAuthThread@4    00443bd0 f   rmt_dev_tst.obj
 0002:00025c60       _AppAuthInd                00443c60 f   rmt_dev_tst.obj
 0002:00025e20       _HexNumber2String          00443e20 f   rmt_dev_tst.obj
 0002:00025f20       _AppLinkNotifInd           00443f20 f   rmt_dev_tst.obj
 0002:00026050       _AppAuthFailedInd          00444050 f   rmt_dev_tst.obj
 0002:000260e0       _AppLinkRequest            004440e0 f   rmt_dev_tst.obj
 0002:00026160       _RegAppIndCallback         00444160 f   rmt_dev_tst.obj
 0002:00026470       _UnRegAppIndCallback       00444470 f   rmt_dev_tst.obj
 0002:00026730       _DisplayRemoteDevices      00444730 f   rmt_dev_tst.obj
 0002:00026c40       _GetAllRmtDevHdl           00444c40 f   rmt_dev_tst.obj
 0002:00026d60       _SelectRemoteDevice        00444d60 f   rmt_dev_tst.obj
 0002:00026fa0       _StartSearchDevice         00444fa0 f   rmt_dev_tst.obj
 0002:000271d0       _Test_Print_Remote_Basic_Info 004451d0 f   rmt_dev_tst.obj
 0002:00027430       _Test_Btsdk_PairDevice     00445430 f   rmt_dev_tst.obj
 0002:000274e0       _Test_Btsdk_UnPairDevice   004454e0 f   rmt_dev_tst.obj
 0002:00027590       _Test_Btsdk_DelRemoteDevice 00445590 f   rmt_dev_tst.obj
 0002:000276d0       _RmtDevShowMenu            004456d0 f   rmt_dev_tst.obj
 0002:00027850       _RmtDevExecCmd             00445850 f   rmt_dev_tst.obj
 0002:000279b0       _TestRmtDevMgr             004459b0 f   rmt_dev_tst.obj
 0002:00027b10       _DisplayRemoteServices     00445b10 f   rmt_svc_tst.obj
 0002:00027ea0       _BrowseAndDisplayRemoteSvc 00445ea0 f   rmt_svc_tst.obj
 0002:00027f20       _SelectRemoteService       00445f20 f   rmt_svc_tst.obj
 0002:000281e0       _SdkTestShowMenu           004461e0 f   sdk_tst.obj
 0002:00028360       _BsStatusCBKFuc            00446360 f   sdk_tst.obj
 0002:000283c0       _ExecInputCmd              004463c0 f   sdk_tst.obj
 0002:00028510       _Test_RegisterGetStatusCBK 00446510 f   sdk_tst.obj
 0002:00028570       _InitBlueSoleilForSample   00446570 f   sdk_tst.obj
 0002:00028620       _main                      00446620 f   sdk_tst.obj
 0002:00028a70       _TestSelectRmtSppDev       00446a70 f   spp_tst.obj
 0002:00028af0       _TestSelectSppSvc          00446af0 f   spp_tst.obj
 0002:00028b70       _TestConnectSppSvc         00446b70 f   spp_tst.obj
 0002:00028cd0       _SppShowMenu               00446cd0 f   spp_tst.obj
 0002:00028de0       _SppExecCmd                00446de0 f   spp_tst.obj
 0002:00029000       _TestSPPFunc               00447000 f   spp_tst.obj
 0002:000291b0       _LocalSppServiceShowMenu   004471b0 f   spp_tst.obj
 0002:00029330       _LocalSppServiceExecCmd    00447330 f   spp_tst.obj
 0002:00029440       _TestLocalSPPServiceFunc   00447440 f   spp_tst.obj
 0002:00029590       _AddOneSPPServiceByName    00447590 f   spp_tst.obj
 0002:000299c0       _LocalToUTF8               004479c0 f   spp_tst.obj
 0002:00029b10       _SyncIniFileInfo           00447b10 f   spp_tst.obj
 0002:0002a340       _GetCommonSettingFilePath  00448340 f   spp_tst.obj
 0002:0002a440       _IsX64Platform             00448440 f   spp_tst.obj
 0002:0002a490       _DeleteTheSPPServiceByName 00448490 f   spp_tst.obj
 0002:0002a6f0       _SetSecureLevelForLocalService 004486f0 f   spp_tst.obj
 0002:0002a850       _SetFixPinCodeForRemoteDevice 00448850 f   spp_tst.obj
 0002:0002a9d0       _GetSPPServiceInfo         004489d0 f   spp_tst.obj
 0002:0002abc0       _ChangeCOMPortForLocalSPPService 00448bc0 f   spp_tst.obj
 0002:0002aef0       _myprintf                  00448ef0 f   vcc.obj
 0002:0002afa0       _initLex                   00448fa0 f   vcc.obj
 0002:0002b080       _FinishParse               00449080 f   vcc.obj
 0002:0002b280       _Parse_MIME                00449280 f   vcc.obj
 0002:0002b3f0       _Parse_MIME_FromFile       004493f0 f   vcc.obj
 0002:0002b4a0       _Parse_MIME_FromFileName   004494a0 f   vcc.obj
 0002:0002b5d0       _registerMimeErrorHandler  004495d0 f   vcc.obj
 0002:0002b7b0       _mime_parse                004497b0 f   vcc.obj
 0002:0002e530       _newVObject_               0044c530 f   vobject.obj
 0002:0002e5d0       _newVObject                0044c5d0 f   vobject.obj
 0002:0002e630       _deleteVObject             0044c630 f   vobject.obj
 0002:0002e6a0       _dupStr                    0044c6a0 f   vobject.obj
 0002:0002e760       _deleteStr                 0044c760 f   vobject.obj
 0002:0002e7d0       _vObjectName               0044c7d0 f   vobject.obj
 0002:0002e810       _setVObjectName            0044c810 f   vobject.obj
 0002:0002e850       _vObjectStringZValue       0044c850 f   vobject.obj
 0002:0002e890       _setVObjectStringZValue    0044c890 f   vobject.obj
 0002:0002e900       _setVObjectStringZValue_   0044c900 f   vobject.obj
 0002:0002e950       _vObjectUStringZValue      0044c950 f   vobject.obj
 0002:0002e990       _setVObjectUStringZValue   0044c990 f   vobject.obj
 0002:0002ea10       _setVObjectUStringZValue_  0044ca10 f   vobject.obj
 0002:0002ea60       _vObjectIntegerValue       0044ca60 f   vobject.obj
 0002:0002eaa0       _setVObjectIntegerValue    0044caa0 f   vobject.obj
 0002:0002eaf0       _vObjectLongValue          0044caf0 f   vobject.obj
 0002:0002eb30       _setVObjectLongValue       0044cb30 f   vobject.obj
 0002:0002eb80       _vObjectAnyValue           0044cb80 f   vobject.obj
 0002:0002ebc0       _setVObjectAnyValue        0044cbc0 f   vobject.obj
 0002:0002ec10       _vObjectVObjectValue       0044cc10 f   vobject.obj
 0002:0002ec50       _setVObjectVObjectValue    0044cc50 f   vobject.obj
 0002:0002eca0       _vObjectValueType          0044cca0 f   vobject.obj
 0002:0002ece0       _addVObjectProp            0044cce0 f   vobject.obj
 0002:0002ed60       _addProp                   0044cd60 f   vobject.obj
 0002:0002edc0       _addProp_                  0044cdc0 f   vobject.obj
 0002:0002ee20       _addList                   0044ce20 f   vobject.obj
 0002:0002eea0       _nextVObjectInList         0044cea0 f   vobject.obj
 0002:0002eee0       _setValueWithSize_         0044cee0 f   vobject.obj
 0002:0002ef70       _setValueWithSize          0044cf70 f   vobject.obj
 0002:0002eff0       _initPropIterator          0044cff0 f   vobject.obj
 0002:0002f0c0       _initVObjectIterator       0044d0c0 f   vobject.obj
 0002:0002f110       _moreIteration             0044d110 f   vobject.obj
 0002:0002f190       _nextVObject               0044d190 f   vobject.obj
 0002:0002f230       _isAPropertyOf             0044d230 f   vobject.obj
 0002:0002f320       _addGroup                  0044d320 f   vobject.obj
 0002:0002f4c0       _addPropValue              0044d4c0 f   vobject.obj
 0002:0002f540       _addPropSizedValue_        0044d540 f   vobject.obj
 0002:0002f5c0       _addPropSizedValue         0044d5c0 f   vobject.obj
 0002:0002f630       _printVObject              0044d630 f   vobject.obj
 0002:0002fc50       _printVObjectToFile        0044dc50 f   vobject.obj
 0002:0002fcf0       _printVObjectsToFile       0044dcf0 f   vobject.obj
 0002:0002fdb0       _cleanVObject              0044ddb0 f   vobject.obj
 0002:0002fef0       _cleanVObjects             0044def0 f   vobject.obj
 0002:0002ff70       _lookupStr                 0044df70 f   vobject.obj
 0002:000301e0       _unUseStr                  0044e1e0 f   vobject.obj
 0002:00030380       _cleanStrTbl               0044e380 f   vobject.obj
 0002:00030460       _lookupProp_               0044e460 f   vobject.obj
 0002:00030570       _lookupProp                0044e570 f   vobject.obj
 0002:000306b0       _CopyValue                 0044e6b0 f   vobject.obj
 0002:000307f0       _CopyAttrValue             0044e7f0 f   vobject.obj
 0002:00030960       _CopyGrop                  0044e960 f   vobject.obj
 0002:000309f0       _writeVObject              0044e9f0 f   vobject.obj
 0002:00031c00       _writeProperty             0044fc00 f   vobject.obj
 0002:00031d70       _writeVObjectToFile        0044fd70 f   vobject.obj
 0002:00031e10       _writeVObjectToFileWithFilters 0044fe10 f   vobject.obj
 0002:00031eb0       _writeVObjectWithFilters   0044feb0 f   vobject.obj
 0002:00031f90       _writeVObjectWithFilters_  0044ff90 f   vobject.obj
 0002:00032130       _writeVObjectsToFile       00450130 f   vobject.obj
 0002:000321f0       _getMsgBdCntFromFile       004501f0 f   vobject.obj
 0002:00032500       _putMsgBdCntToFile         00450500 f   vobject.obj
 0002:00032890       _writeMemVObject           00450890 f   vobject.obj
 0002:00032980       _writeMemVObjects          00450980 f   vobject.obj
 0002:00032a90       _fakeUnicode               00450a90 f   vobject.obj
 0002:00032bb0       _uStrLen                   00450bb0 f   vobject.obj
 0002:00032c10       _fakeCString               00450c10 f   vobject.obj
 0002:00032d00       _CopyProperty              00450d00 f   vobject.obj
 0002:00033070       _GetProperty               00451070 f   vobject.obj
 0002:00033130       _FindFirstProperty         00451130 f   vobject.obj
 0002:00033280       _FindNextProperty          00451280 f   vobject.obj
 0002:000333a0       _EndFindProperty           004513a0 f   vobject.obj
 0002:00033440       _FreevCardBuff             00451440 f   vobject.obj
 0002:000334b0       _vCardParse                004514b0 f   vobject.obj
 0002:00033500       _vCardClose                00451500 f   vobject.obj
 0002:0003355a       _printf                    0045155a f   msvcrtd:MSVCR90D.dll
 0002:00033560       __RTC_CheckEsp             00451560 f   msvcrtd:_stack_.obj
 0002:00033590       @_RTC_CheckStackVars@8     00451590 f   msvcrtd:_stack_.obj
 0002:00033610       @_RTC_AllocaHelper@12      00451610 f   msvcrtd:_stack_.obj
 0002:00033650       @_RTC_CheckStackVars2@12   00451650 f   msvcrtd:_stack_.obj
 0002:00033760       __RTC_InitBase             00451760 f   msvcrtd:_init_.obj
 0002:000337a0       __RTC_Shutdown             004517a0 f   msvcrtd:_init_.obj
 0002:000337b8       _getchar                   004517b8 f   msvcrtd:MSVCR90D.dll
 0002:000337be       _scanf                     004517be f   msvcrtd:MSVCR90D.dll
 0002:000337d0       @__security_check_cookie@4 004517d0 f   msvcrtd:secchk.obj
 0002:000337e2       _memset                    004517e2 f   msvcrtd:MSVCR90D.dll
 0002:000337e8       _free                      004517e8 f   msvcrtd:MSVCR90D.dll
 0002:000337ee       _strcpy                    004517ee f   msvcrtd:MSVCR90D.dll
 0002:000337f4       _strcmp                    004517f4 f   msvcrtd:MSVCR90D.dll
 0002:000337fa       _malloc                    004517fa f   msvcrtd:MSVCR90D.dll
 0002:00033800       _sprintf                   00451800 f   msvcrtd:MSVCR90D.dll
 0002:00033806       _memcpy                    00451806 f   msvcrtd:MSVCR90D.dll
 0002:0003380c       _strlen                    0045180c f   msvcrtd:MSVCR90D.dll
 0002:00033812       _atoi                      00451812 f   msvcrtd:MSVCR90D.dll
 0002:00033818       _strcat                    00451818 f   msvcrtd:MSVCR90D.dll
 0002:0003381e       _fclose                    0045181e f   msvcrtd:MSVCR90D.dll
 0002:00033824       _feof                      00451824 f   msvcrtd:MSVCR90D.dll
 0002:0003382a       _ferror                    0045182a f   msvcrtd:MSVCR90D.dll
 0002:00033830       _fread                     00451830 f   msvcrtd:MSVCR90D.dll
 0002:00033836       _ftell                     00451836 f   msvcrtd:MSVCR90D.dll
 0002:0003383c       _fseek                     0045183c f   msvcrtd:MSVCR90D.dll
 0002:00033842       _fopen                     00451842 f   msvcrtd:MSVCR90D.dll
 0002:00033848       _strncpy                   00451848 f   msvcrtd:MSVCR90D.dll
 0002:0003384e       _strstr                    0045184e f   msvcrtd:MSVCR90D.dll
 0002:00033854       __mkdir                    00451854 f   msvcrtd:MSVCR90D.dll
 0002:0003385a       __chdir                    0045185a f   msvcrtd:MSVCR90D.dll
 0002:00033860       _tmpfile                   00451860 f   msvcrtd:MSVCR90D.dll
 0002:00033866       _fwrite                    00451866 f   msvcrtd:MSVCR90D.dll
 0002:00033870       _DebuggerKnownHandle       00451870 f   msvcrtd:_error_.obj
 0002:00033950       ?_RTC_Failure@@YAXPAXH@Z   00451950 f   msvcrtd:_error_.obj
 0002:00033d20       ?_RTC_StackFailure@@YAXPAXPBD@Z 00451d20 f   msvcrtd:_error_.obj
 0002:00033e60       ?_RTC_AllocaFailure@@YAXPAXPAU_RTC_ALLOCA_NODE@@H@Z 00451e60 f   msvcrtd:_error_.obj
 0002:00034070       __RTC_UninitUse            00452070 f   msvcrtd:_error_.obj
 0002:00034194       __stricmp                  00452194 f   msvcrtd:MSVCR90D.dll
 0002:00034194       _stricmp                   00452194 f   msvcrtd:MSVCR90D.dll
 0002:0003419a       _atol                      0045219a f   msvcrtd:MSVCR90D.dll
 0002:000341a0       _remove                    004521a0 f   msvcrtd:MSVCR90D.dll
 0002:000341b0       __chkstk                   004521b0 f   msvcrtd:chkstk.obj
 0002:000341b0       __alloca_probe             004521b0     msvcrtd:chkstk.obj
 0002:000341e6       _memcmp                    004521e6 f   msvcrtd:MSVCR90D.dll
 0002:000341ec       _system                    004521ec f   msvcrtd:MSVCR90D.dll
 0002:000341f2       __CrtDbgReport             004521f2 f   msvcrtd:MSVCR90D.dll
 0002:000341f8       _vsprintf                  004521f8 f   msvcrtd:MSVCR90D.dll
 0002:000341fe       _isalpha                   004521fe f   msvcrtd:MSVCR90D.dll
 0002:00034204       _strchr                    00452204 f   msvcrtd:MSVCR90D.dll
 0002:0003420a       _fgetc                     0045220a f   msvcrtd:MSVCR90D.dll
 0002:00034210       _realloc                   00452210 f   msvcrtd:MSVCR90D.dll
 0002:00034216       _strrchr                   00452216 f   msvcrtd:MSVCR90D.dll
 0002:0003421c       _fprintf                   0045221c f   msvcrtd:MSVCR90D.dll
 0002:00034222       _fputc                     00452222 f   msvcrtd:MSVCR90D.dll
 0002:00034228       __setmode                  00452228 f   msvcrtd:MSVCR90D.dll
 0002:0003422e       __fileno                   0045222e f   msvcrtd:MSVCR90D.dll
 0002:00034234       _rewind                    00452234 f   msvcrtd:MSVCR90D.dll
 0002:0003423a       _memmove                   0045223a f   msvcrtd:MSVCR90D.dll
 0002:00034380       _mainCRTStartup            00452380 f   msvcrtd:crtexe.obj
 0002:00034680       _NtCurrentTeb              00452680 f i msvcrtd:crtexe.obj
 0002:00034770       __RTC_NumErrors            00452770 f   msvcrtd:_userapi_.obj
 0002:00034780       __RTC_GetErrDesc           00452780 f   msvcrtd:_userapi_.obj
 0002:000347a0       __RTC_SetErrorType         004527a0 f   msvcrtd:_userapi_.obj
 0002:000347d0       __RTC_SetErrorFunc         004527d0 f   msvcrtd:_userapi_.obj
 0002:00034800       __RTC_SetErrorFuncW        00452800 f   msvcrtd:_userapi_.obj
 0002:00034830       ?_RTC_GetErrorFunc@@YAP6AHHPBDH00ZZPBX@Z 00452830 f   msvcrtd:_userapi_.obj
 0002:00034840       ?_RTC_GetErrorFuncW@@YAP6AHHPB_WH00ZZPBX@Z 00452840 f   msvcrtd:_userapi_.obj
 0002:00034846       __CRT_RTC_INITW            00452846 f   msvcrtd:MSVCR90D.dll
 0002:00034850       ___report_gsfailure        00452850 f   msvcrtd:gs_report.obj
 0002:000349b0       __except_handler4          004529b0 f   msvcrtd:chandler4gs.obj
 0002:000349f0       ?_RTC_GetSrcLine@@YAHPAEPA_WKPAH1K@Z 004529f0 f   msvcrtd:_pdblkup_.obj
 0002:00034fb0       ?__CxxUnhandledExceptionFilter@@YGJPAU_EXCEPTION_POINTERS@@@Z 00452fb0 f   msvcrtd:unhandld.obj
 0002:00035030       ___CxxSetUnhandledExceptionFilter 00453030 f   msvcrtd:unhandld.obj
 0002:0003504a       __configthreadlocale       0045304a f   msvcrtd:MSVCR90D.dll
 0002:00035050       __setdefaultprecision      00453050 f   msvcrtd:fp8.obj
 0002:000350a0       __invoke_watson_if_error   004530a0 f i msvcrtd:fp8.obj
 0002:000350d6       ___setusermatherr          004530d6 f   msvcrtd:MSVCR90D.dll
 0002:000350e0       __matherr                  004530e0 f   msvcrtd:merr.obj
 0002:000350f0       __setargv                  004530f0 f   msvcrtd:dllargv.obj
 0002:00035100       __RTC_Initialize           00453100 f   msvcrtd:_initsect_.obj
 0002:00035130       __RTC_Terminate            00453130 f   msvcrtd:_initsect_.obj
 0002:00035160       ___p__commode              00453160 f   msvcrtd:MSVCR90D.dll
 0002:00035166       ___p__fmode                00453166 f   msvcrtd:MSVCR90D.dll
 0002:00035170       __onexit                   00453170 f   msvcrtd:atonexit.obj
 0002:000352c0       _atexit                    004532c0 f   msvcrtd:atonexit.obj
 0002:000352e4       __encode_pointer           004532e4 f   msvcrtd:MSVCR90D.dll
 0002:000352ea       ___set_app_type            004532ea f   msvcrtd:MSVCR90D.dll
 0002:000352f0       __amsg_exit                004532f0 f   msvcrtd:MSVCR90D.dll
 0002:000352f6       ___getmainargs             004532f6 f   msvcrtd:MSVCR90D.dll
 0002:00035300       ___security_init_cookie    00453300 f   msvcrtd:gs_support.obj
 0002:00035412       __exit                     00453412 f   msvcrtd:MSVCR90D.dll
 0002:00035418       __XcptFilter               00453418 f   msvcrtd:MSVCR90D.dll
 0002:0003541e       __cexit                    0045341e f   msvcrtd:MSVCR90D.dll
 0002:00035424       _exit                      00453424 f   msvcrtd:MSVCR90D.dll
 0002:0003542a       __CrtSetCheckCount         0045342a f   msvcrtd:MSVCR90D.dll
 0002:00035430       __ValidateImageBase        00453430 f   msvcrtd:pesect.obj
 0002:000354b0       __FindPESection            004534b0 f   msvcrtd:pesect.obj
 0002:00035550       __IsNonwritableInCurrentImage 00453550 f   msvcrtd:pesect.obj
 0002:000356a6       __CrtDbgReportW            004536a6 f   msvcrtd:MSVCR90D.dll
 0002:000356ac       __initterm                 004536ac f   msvcrtd:MSVCR90D.dll
 0002:000356b2       __initterm_e               004536b2 f   msvcrtd:MSVCR90D.dll
 0002:000356b8       __crt_debugger_hook        004536b8 f   msvcrtd:MSVCR90D.dll
 0002:000356be       __except_handler4_common   004536be f   msvcrtd:MSVCR90D.dll
 0002:000356c4       ?terminate@@YAXXZ          004536c4 f   msvcrtd:MSVCR90D.dll
 0002:000356ca       __controlfp_s              004536ca f   msvcrtd:MSVCR90D.dll
 0002:000356d0       __invoke_watson            004536d0 f   msvcrtd:MSVCR90D.dll
 0002:000356d6       __unlock                   004536d6 f   msvcrtd:MSVCR90D.dll
 0002:000356dc       ___dllonexit               004536dc f   msvcrtd:MSVCR90D.dll
 0002:000356e2       __lock                     004536e2 f   msvcrtd:MSVCR90D.dll
 0002:000356e8       __decode_pointer           004536e8 f   msvcrtd:MSVCR90D.dll
 0002:000356ee       _Btsdk_GetRemoteServiceAttributes 004536ee f   BSSDK:BsSDK.dll
 0002:000356f4       _Btsdk_AVRCP_PassThroughReq 004536f4 f   BSSDK:BsSDK.dll
 0002:000356fa       _Btsdk_AVRCP_EventVolChanged 004536fa f   BSSDK:BsSDK.dll
 0002:00035700       _Btsdk_AVRCP_EventSysStatusChanged 00453700 f   BSSDK:BsSDK.dll
 0002:00035706       _Btsdk_AVRCP_EventBattStatusChanged 00453706 f   BSSDK:BsSDK.dll
 0002:0003570c       _Btsdk_AVRCP_EventTrackReachStart 0045370c f   BSSDK:BsSDK.dll
 0002:00035712       _Btsdk_AVRCP_EventTrackReachEnd 00453712 f   BSSDK:BsSDK.dll
 0002:00035718       _Btsdk_AVRCP_EventPlayerAppSetChanged 00453718 f   BSSDK:BsSDK.dll
 0002:0003571e       _Btsdk_AVRCP_EventPlayStatusChanged 0045371e f   BSSDK:BsSDK.dll
 0002:00035724       _Btsdk_AVRCP_EventPlayPosChanged 00453724 f   BSSDK:BsSDK.dll
 0002:0003572a       _Btsdk_AVRCP_EventTrackChanged 0045372a f   BSSDK:BsSDK.dll
 0002:00035730       _Btsdk_EndEnumConnection   00453730 f   BSSDK:BsSDK.dll
 0002:00035736       _Btsdk_EnumConnection      00453736 f   BSSDK:BsSDK.dll
 0002:0003573c       _Btsdk_StartEnumConnection 0045373c f   BSSDK:BsSDK.dll
 0002:00035742       _Btsdk_ConnectEx           00453742 f   BSSDK:BsSDK.dll
 0002:00035748       _Btsdk_AVRCP_PlayItemReq   00453748 f   BSSDK:BsSDK.dll
 0002:0003574e       _Btsdk_AVRCP_GetItemAttrReq 0045374e f   BSSDK:BsSDK.dll
 0002:00035754       _Btsdk_AVRCP_SetBrowsedPlayerReq 00453754 f   BSSDK:BsSDK.dll
 0002:0003575a       _Btsdk_AVRCP_GetFolderItemsReq 0045375a f   BSSDK:BsSDK.dll
 0002:00035760       _Btsdk_AVRCP_SetAddressedPlayerReq 00453760 f   BSSDK:BsSDK.dll
 0002:00035766       _Btsdk_AVRCP_ChangePathReq 00453766 f   BSSDK:BsSDK.dll
 0002:0003576c       _Btsdk_AVRCP_SearchReq     0045376c f   BSSDK:BsSDK.dll
 0002:00035772       _Btsdk_AVRCP_InformBattStatusReq 00453772 f   BSSDK:BsSDK.dll
 0002:00035778       _Btsdk_AVRCP_SetCurPlayerAppSetValReq 00453778 f   BSSDK:BsSDK.dll
 0002:0003577e       _Btsdk_AVRCP_SetAbsoluteVolReq 0045377e f   BSSDK:BsSDK.dll
 0002:00035784       _Btsdk_Disconnect          00453784 f   BSSDK:BsSDK.dll
 0002:0003578a       _Btsdk_Connect             0045378a f   BSSDK:BsSDK.dll
 0002:00035790       _Btsdk_AVRCP_GetElementAttrRsp 00453790 f   BSSDK:BsSDK.dll
 0002:00035796       _Btsdk_AVRCP_GetCapabilitiesRsp 00453796 f   BSSDK:BsSDK.dll
 0002:0003579c       _Btsdk_AVRCP_ListPlayerAppSetAttrRsp 0045379c f   BSSDK:BsSDK.dll
 0002:000357a2       _Btsdk_AVRCP_ListPlayerAppSetValRsp 004537a2 f   BSSDK:BsSDK.dll
 0002:000357a8       _Btsdk_AVRCP_GetPlayerAppSetAttrTxtRsp 004537a8 f   BSSDK:BsSDK.dll
 0002:000357ae       _Btsdk_AVRCP_GetPlayerAppSetValTxtRsp 004537ae f   BSSDK:BsSDK.dll
 0002:000357b4       _Btsdk_AVRCP_SetAddressedPlayerRsp 004537b4 f   BSSDK:BsSDK.dll
 0002:000357ba       _Btsdk_AVRCP_InformBattStatusRsp 004537ba f   BSSDK:BsSDK.dll
 0002:000357c0       _Btsdk_AVRCP_SetAbsoluteVolRsp 004537c0 f   BSSDK:BsSDK.dll
 0002:000357c6       _Btsdk_AVRCP_EventUIDSChanged 004537c6 f   BSSDK:BsSDK.dll
 0002:000357cc       _Btsdk_AVRCP_EventAddrPlayerChanged 004537cc f   BSSDK:BsSDK.dll
 0002:000357d2       _Btsdk_AVRCP_EventAvailablePlayerChanged 004537d2 f   BSSDK:BsSDK.dll
 0002:000357d8       _Btsdk_AVRCP_EventNowPlayingContentChanged 004537d8 f   BSSDK:BsSDK.dll
 0002:000357de       _Btsdk_AVRCP_AddToNowPlayingRsp 004537de f   BSSDK:BsSDK.dll
 0002:000357e4       _Btsdk_AVRCP_SearchRsp     004537e4 f   BSSDK:BsSDK.dll
 0002:000357ea       _Btsdk_AVRCP_PlayItemRsp   004537ea f   BSSDK:BsSDK.dll
 0002:000357f0       _Btsdk_AVRCP_GetItemAttrRsp 004537f0 f   BSSDK:BsSDK.dll
 0002:000357f6       _Btsdk_AVRCP_SetBrowsedPlayerRsp 004537f6 f   BSSDK:BsSDK.dll
 0002:000357fc       _Btsdk_AVRCP_InformCharSetRsp 004537fc f   BSSDK:BsSDK.dll
 0002:00035802       _Btsdk_AVRCP_RegNotifReq   00453802 f   BSSDK:BsSDK.dll
 0002:00035808       _Btsdk_AVRCP_GetElementAttrReq 00453808 f   BSSDK:BsSDK.dll
 0002:0003580e       _Btsdk_AVRCP_InformCharSetReq 0045380e f   BSSDK:BsSDK.dll
 0002:00035814       _Btsdk_AVRCP_ListPlayerAppSetAttrReq 00453814 f   BSSDK:BsSDK.dll
 0002:0003581a       _Btsdk_AVRCP_GetPlayerAppSetAttrTxtReq 0045381a f   BSSDK:BsSDK.dll
 0002:00035820       _Btsdk_AVRCP_GetPlayerAppSetValTxtReq 00453820 f   BSSDK:BsSDK.dll
 0002:00035826       _Btsdk_AVRCP_ListPlayerAppSetValReq 00453826 f   BSSDK:BsSDK.dll
 0002:0003582c       _Btsdk_AVRCP_GetCurPlayerAppSetValReq 0045382c f   BSSDK:BsSDK.dll
 0002:00035832       _Btsdk_AVRCP_GetCapabilitiesReq 00453832 f   BSSDK:BsSDK.dll
 0002:00035838       _Btsdk_AVRCP_CTRegResponseCbk 00453838 f   BSSDK:BsSDK.dll
 0002:0003583e       _Btsdk_AVRCP_TGRegCommandCbk 0045383e f   BSSDK:BsSDK.dll
 0002:00035844       _Btsdk_AVRCP_RegIndCbk4ThirdParty 00453844 f   BSSDK:BsSDK.dll
 0002:0003584a       _Btsdk_AVRCP_RegPassThrCmdCbk4ThirdParty 0045384a f   BSSDK:BsSDK.dll
 0002:00035850       _Btsdk_AVRCP_GeneralRejectRsp 00453850 f   BSSDK:BsSDK.dll
 0002:00035856       _Btsdk_AVRCP_GetPlayStatusRsp 00453856 f   BSSDK:BsSDK.dll
 0002:0003585c       _Btsdk_AVRCP_GetCurPlayerAppSetValRsp 0045385c f   BSSDK:BsSDK.dll
 0002:00035862       _Btsdk_AVRCP_SetCurPlayerAppSetValRsp 00453862 f   BSSDK:BsSDK.dll
 0002:00035868       _Btsdk_AVRCP_GetFolderItemsRsp 00453868 f   BSSDK:BsSDK.dll
 0002:0003586e       _Btsdk_FTPBrowseFolder     0045386e f   BSSDK:BsSDK.dll
 0002:00035874       _Btsdk_FTPBackDir          00453874 f   BSSDK:BsSDK.dll
 0002:0003587a       _Btsdk_FTPDeleteFile       0045387a f   BSSDK:BsSDK.dll
 0002:00035880       _Btsdk_FTPDeleteDir        00453880 f   BSSDK:BsSDK.dll
 0002:00035886       _Btsdk_FTPPutFile          00453886 f   BSSDK:BsSDK.dll
 0002:0003588c       _Btsdk_FTPPutDir           0045388c f   BSSDK:BsSDK.dll
 0002:00035892       _Btsdk_FTPGetFile          00453892 f   BSSDK:BsSDK.dll
 0002:00035898       _Btsdk_FTPGetDir           00453898 f   BSSDK:BsSDK.dll
 0002:0003589e       _Btsdk_FTPRegisterStatusCallback4ThirdParty 0045389e f   BSSDK:BsSDK.dll
 0002:000358a4       _Btsdk_FTPSetRmtDir        004538a4 f   BSSDK:BsSDK.dll
 0002:000358aa       _Btsdk_FTPCreateDir        004538aa f   BSSDK:BsSDK.dll
 0002:000358b0       _Btsdk_FTPGetRmtDir        004538b0 f   BSSDK:BsSDK.dll
 0002:000358b6       _Btsdk_OPPExchangeObj      004538b6 f   BSSDK:BsSDK.dll
 0002:000358bc       _Btsdk_OPPPullObj          004538bc f   BSSDK:BsSDK.dll
 0002:000358c2       _Btsdk_OPPPushObj          004538c2 f   BSSDK:BsSDK.dll
 0002:000358c8       _Btsdk_GATTGetServices     004538c8 f   BSSDK:BsSDK.dll
 0002:000358ce       _Btsdk_GATTGetCharacteristics 004538ce f   BSSDK:BsSDK.dll
 0002:000358d4       _Btsdk_GATTGetCharacteristicValue 004538d4 f   BSSDK:BsSDK.dll
 0002:000358da       _Btsdk_GATTSetCharacteristicValue 004538da f   BSSDK:BsSDK.dll
 0002:000358e0       _Btsdk_GATTGetDescriptors  004538e0 f   BSSDK:BsSDK.dll
 0002:000358e6       _Btsdk_GATTGetDescriptorValue 004538e6 f   BSSDK:BsSDK.dll
 0002:000358ec       _Btsdk_GATTSetDescriptorValue 004538ec f   BSSDK:BsSDK.dll
 0002:000358f2       _Btsdk_GATTCloseSession    004538f2 f   BSSDK:BsSDK.dll
 0002:000358f8       _Btsdk_GetLEDeviceAppearance 004538f8 f   BSSDK:BsSDK.dll
 0002:000358fe       _Btsdk_GATTRegisterEvent   004538fe f   BSSDK:BsSDK.dll
 0002:00035904       _Btsdk_GATTUnregisterEvent 00453904 f   BSSDK:BsSDK.dll
 0002:0003590a       _Btsdk_EndEnumRemoteDevice 0045390a f   BSSDK:BsSDK.dll
 0002:00035910       _Btsdk_GetRemoteDeviceType 00453910 f   BSSDK:BsSDK.dll
 0002:00035916       _Btsdk_EnumRemoteDevice    00453916 f   BSSDK:BsSDK.dll
 0002:0003591c       _Btsdk_StartEnumRemoteDevice 0045391c f   BSSDK:BsSDK.dll
 0002:00035922       _Btsdk_StartDeviceDiscovery 00453922 f   BSSDK:BsSDK.dll
 0002:00035928       _Btsdk_RegisterCallback4ThirdParty 00453928 f   BSSDK:BsSDK.dll
 0002:0003592e       _Btsdk_GetRemoteDeviceAddress 0045392e f   BSSDK:BsSDK.dll
 0002:00035934       _Btsdk_GetRemoteDeviceName 00453934 f   BSSDK:BsSDK.dll
 0002:0003593a       _Btsdk_HFP_ExtendCmd       0045393a f   BSSDK:BsSDK.dll
 0002:00035940       _Btsdk_AGAP_DialRsp        00453940 f   BSSDK:BsSDK.dll
 0002:00035946       _Btsdk_UpdateRemoteDeviceName 00453946 f   BSSDK:BsSDK.dll
 0002:0003594c       _Btsdk_AGAP_AudioConnTrans 0045394c f   BSSDK:BsSDK.dll
 0002:00035952       _Btsdk_AGAP_IsAudioConnExisted 00453952 f   BSSDK:BsSDK.dll
 0002:00035958       _Btsdk_HFAP_VoiceRecognitionReq 00453958 f   BSSDK:BsSDK.dll
 0002:0003595e       _Btsdk_HFAP_VoiceTagPhoneNumReq 0045395e f   BSSDK:BsSDK.dll
 0002:00035964       _Btsdk_HFAP_GetModelID     00453964 f   BSSDK:BsSDK.dll
 0002:0003596a       _Btsdk_HFAP_GetManufacturerID 0045396a f   BSSDK:BsSDK.dll
 0002:00035970       _Btsdk_HFAP_GetCurrentCalls 00453970 f   BSSDK:BsSDK.dll
 0002:00035976       _Btsdk_HFAP_GetSubscriberNumber 00453976 f   BSSDK:BsSDK.dll
 0002:0003597c       _Btsdk_HFAP_AudioConnTrans 0045397c f   BSSDK:BsSDK.dll
 0002:00035982       _Btsdk_HFAP_NetworkOperatorReq 00453982 f   BSSDK:BsSDK.dll
 0002:00035988       _Btsdk_HFAP_DisableNREC    00453988 f   BSSDK:BsSDK.dll
 0002:0003598e       _Btsdk_HFAP_SetSpkVol      0045398e f   BSSDK:BsSDK.dll
 0002:00035994       _Btsdk_HFAP_SetMicVol      00453994 f   BSSDK:BsSDK.dll
 0002:0003599a       _Btsdk_HFAP_TxDTMF         0045399a f   BSSDK:BsSDK.dll
 0002:000359a0       _Btsdk_HFAP_MemNumDial     004539a0 f   BSSDK:BsSDK.dll
 0002:000359a6       _Btsdk_HFAP_LastNumRedial  004539a6 f   BSSDK:BsSDK.dll
 0002:000359ac       _Btsdk_HFAP_Dial           004539ac f   BSSDK:BsSDK.dll
 0002:000359b2       _Btsdk_HFAP_CancelCall     004539b2 f   BSSDK:BsSDK.dll
 0002:000359b8       _Btsdk_HFAP_AnswerCall     004539b8 f   BSSDK:BsSDK.dll
 0002:000359be       _Btsdk_AGAP_APPRegCbk4ThirdParty 004539be f   BSSDK:BsSDK.dll
 0002:000359c4       _Btsdk_RegisterHFPService  004539c4 f   BSSDK:BsSDK.dll
 0002:000359ca       _Btsdk_HFAP_APPRegCbk4ThirdParty 004539ca f   BSSDK:BsSDK.dll
 0002:000359d0       _Btsdk_UnregisterHFPService 004539d0 f   BSSDK:BsSDK.dll
 0002:000359d6       _Btsdk_EndEnumRemoteService 004539d6 f   BSSDK:BsSDK.dll
 0002:000359dc       _Btsdk_FreeMemory          004539dc f   BSSDK:BsSDK.dll
 0002:000359e2       _Btsdk_EnumRemoteService   004539e2 f   BSSDK:BsSDK.dll
 0002:000359e8       _Btsdk_StartEnumRemoteService 004539e8 f   BSSDK:BsSDK.dll
 0002:000359ee       _Btsdk_BrowseRemoteServices 004539ee f   BSSDK:BsSDK.dll
 0002:000359f4       _Btsdk_Hid_ClntUnPluggedDev 004539f4 f   BSSDK:BsSDK.dll
 0002:000359fa       _Btsdk_SetLocalName        004539fa f   BSSDK:BsSDK.dll
 0002:00035a00       _Btsdk_GetDiscoveryMode    00453a00 f   BSSDK:BsSDK.dll
 0002:00035a06       _Btsdk_SetDiscoveryMode    00453a06 f   BSSDK:BsSDK.dll
 0002:00035a0c       _Btsdk_GetLocalDeviceClass 00453a0c f   BSSDK:BsSDK.dll
 0002:00035a12       _Btsdk_SetLocalDeviceClass 00453a12 f   BSSDK:BsSDK.dll
 0002:00035a18       _Btsdk_GetLocalLMPInfo     00453a18 f   BSSDK:BsSDK.dll
 0002:00035a1e       _Btsdk_GetLocalDeviceAddress 00453a1e f   BSSDK:BsSDK.dll
 0002:00035a24       _Btsdk_GetLocalName        00453a24 f   BSSDK:BsSDK.dll
 0002:00035a2a       _Btsdk_ExecuteHCICommandEx 00453a2a f   BSSDK:BsSDK.dll
 0002:00035a30       _Btsdk_MAPSendEvent        00453a30 f   BSSDK:BsSDK.dll
 0002:00035a36       _Btsdk_RegisterMNSService  00453a36 f   BSSDK:BsSDK.dll
 0002:00035a3c       _Btsdk_RegisterMASService  00453a3c f   BSSDK:BsSDK.dll
 0002:00035a42       _Btsdk_MAPGetFolderList    00453a42 f   BSSDK:BsSDK.dll
 0002:00035a48       _Btsdk_MAPSetFolder        00453a48 f   BSSDK:BsSDK.dll
 0002:00035a4e       _Btsdk_MAPRegisterStatusCallback 00453a4e f   BSSDK:BsSDK.dll
 0002:00035a54       _Btsdk_MAPRegisterFileIORoutines 00453a54 f   BSSDK:BsSDK.dll
 0002:00035a5a       _Btsdk_MAPGetMessageList   00453a5a f   BSSDK:BsSDK.dll
 0002:00035a60       _Btsdk_MAPEndEnumFolderList 00453a60 f   BSSDK:BsSDK.dll
 0002:00035a66       _Btsdk_MAPEnumFolderList   00453a66 f   BSSDK:BsSDK.dll
 0002:00035a6c       _Btsdk_MAPStartEnumFolderList 00453a6c f   BSSDK:BsSDK.dll
 0002:00035a72       _Btsdk_MAPEndEnumMessageList 00453a72 f   BSSDK:BsSDK.dll
 0002:00035a78       _Btsdk_MAPSetMessageStatus 00453a78 f   BSSDK:BsSDK.dll
 0002:00035a7e       _Btsdk_MAPGetMessage       00453a7e f   BSSDK:BsSDK.dll
 0002:00035a84       _Btsdk_MAPEnumMessageList  00453a84 f   BSSDK:BsSDK.dll
 0002:00035a8a       _Btsdk_MAPStartEnumMessageList 00453a8a f   BSSDK:BsSDK.dll
 0002:00035a90       _Btsdk_MAPPushMessage      00453a90 f   BSSDK:BsSDK.dll
 0002:00035a96       _Btsdk_MAPUpdateInbox      00453a96 f   BSSDK:BsSDK.dll
 0002:00035a9c       _Btsdk_MAPSetNotificationRegistration 00453a9c f   BSSDK:BsSDK.dll
 0002:00035aa2       _Btsdk_PAN_RegIndCbk4ThirdParty 00453aa2 f   BSSDK:BsSDK.dll
 0002:00035aa8       _Btsdk_GetConnectionProperty 00453aa8 f   BSSDK:BsSDK.dll
 0002:00035aae       _Btsdk_RegisterPBAPService 00453aae f   BSSDK:BsSDK.dll
 0002:00035ab4       _Btsdk_PBAPSetPath         00453ab4 f   BSSDK:BsSDK.dll
 0002:00035aba       _Btsdk_PBAPPullPhoneBook   00453aba f   BSSDK:BsSDK.dll
 0002:00035ac0       _Btsdk_PBAPFilterComposer  00453ac0 f   BSSDK:BsSDK.dll
 0002:00035ac6       _Btsdk_PBAPRegisterStatusCallback 00453ac6 f   BSSDK:BsSDK.dll
 0002:00035acc       _Btsdk_PBAPRegisterFileIORoutines 00453acc f   BSSDK:BsSDK.dll
 0002:00035ad2       _Btsdk_PBAPPullCardList    00453ad2 f   BSSDK:BsSDK.dll
 0002:00035ad8       _Btsdk_PBAPPullCardEntry   00453ad8 f   BSSDK:BsSDK.dll
 0002:00035ade       _Btsdk_GetSupervisionTimeout 00453ade f   BSSDK:BsSDK.dll
 0002:00035ae4       _Btsdk_GetRemoteDeviceRole 00453ae4 f   BSSDK:BsSDK.dll
 0002:00035aea       _Btsdk_GetRemoteRSSI       00453aea f   BSSDK:BsSDK.dll
 0002:00035af0       _Btsdk_GetRemoteDeviceClass 00453af0 f   BSSDK:BsSDK.dll
 0002:00035af6       _Btsdk_PinCodeReply        00453af6 f   BSSDK:BsSDK.dll
 0002:00035afc       _Btsdk_IOCapReqReply       00453afc f   BSSDK:BsSDK.dll
 0002:00035b02       _Btsdk_UsrCfmReqReply      00453b02 f   BSSDK:BsSDK.dll
 0002:00035b08       _Btsdk_PasskeyReqReply     00453b08 f   BSSDK:BsSDK.dll
 0002:00035b0e       _Btsdk_AuthorizationResponse 00453b0e f   BSSDK:BsSDK.dll
 0002:00035b14       _Btsdk_LinkKeyReply        00453b14 f   BSSDK:BsSDK.dll
 0002:00035b1a       _Btsdk_RegisterCallbackEx  00453b1a f   BSSDK:BsSDK.dll
 0002:00035b20       _Btsdk_GetRemoteDeviceProperty 00453b20 f   BSSDK:BsSDK.dll
 0002:00035b26       _Btsdk_PairDevice          00453b26 f   BSSDK:BsSDK.dll
 0002:00035b2c       _Btsdk_UnPairDevice        00453b2c f   BSSDK:BsSDK.dll
 0002:00035b32       _Btsdk_DeleteRemoteDeviceByHandle 00453b32 f   BSSDK:BsSDK.dll
 0002:00035b38       _Btsdk_GetRemoteServices   00453b38 f   BSSDK:BsSDK.dll
 0002:00035b3e       _Btsdk_SetStatusInfoFlag   00453b3e f   BSSDK:BsSDK.dll
 0002:00035b44       _Btsdk_RegisterGetStatusInfoCB4ThirdParty 00453b44 f   BSSDK:BsSDK.dll
 0002:00035b4a       _Btsdk_Init                00453b4a f   BSSDK:BsSDK.dll
 0002:00035b50       _Btsdk_IsServerConnected   00453b50 f   BSSDK:BsSDK.dll
 0002:00035b56       _Btsdk_Done                00453b56 f   BSSDK:BsSDK.dll
 0002:00035b5c       _Btsdk_StartBluetooth      00453b5c f   BSSDK:BsSDK.dll
 0002:00035b62       _Btsdk_IsBluetoothReady    00453b62 f   BSSDK:BsSDK.dll
 0002:00035b68       _Btsdk_IsBluetoothHardwareExisted 00453b68 f   BSSDK:BsSDK.dll
 0002:00035b6e       _Btsdk_InitCommObj         00453b6e f   BSSDK:BsSDK.dll
 0002:00035b74       _Btsdk_PlugInVComm         00453b74 f   BSSDK:BsSDK.dll
 0002:00035b7a       _Btsdk_GetASerialNum       00453b7a f   BSSDK:BsSDK.dll
 0002:00035b80       _Btsdk_PlugOutVComm        00453b80 f   BSSDK:BsSDK.dll
 0002:00035b86       _Btsdk_DeinitCommObj       00453b86 f   BSSDK:BsSDK.dll
 0002:00035b8c       _Btsdk_GetClientPort       00453b8c f   BSSDK:BsSDK.dll
 0002:00035b92       _Btsdk_StartServer         00453b92 f   BSSDK:BsSDK.dll
 0002:00035b98       _Btsdk_AddServer           00453b98 f   BSSDK:BsSDK.dll
 0002:00035b9e       _Btsdk_EnumLocalServer     00453b9e f   BSSDK:BsSDK.dll
 0002:00035ba4       _Btsdk_StartEnumLocalServer 00453ba4 f   BSSDK:BsSDK.dll
 0002:00035baa       _Btsdk_GetPrivateProfileString 00453baa f   BSSDK:BsSDK.dll
 0002:00035bb0       _Btsdk_WritePrivateProfileString 00453bb0 f   BSSDK:BsSDK.dll
 0002:00035bb6       _Btsdk_WritePrivateProfileInt 00453bb6 f   BSSDK:BsSDK.dll
 0002:00035bbc       _Btsdk_GetPrivateProfileInt 00453bbc f   BSSDK:BsSDK.dll
 0002:00035bc2       _Btsdk_CommNumToSerialNum  00453bc2 f   BSSDK:BsSDK.dll
 0002:00035bc8       _Btsdk_RemoveServer        00453bc8 f   BSSDK:BsSDK.dll
 0002:00035bce       _Btsdk_StopServer          00453bce f   BSSDK:BsSDK.dll
 0002:00035bd4       _Btsdk_GetServerAttributes 00453bd4 f   BSSDK:BsSDK.dll
 0002:00035bda       _Btsdk_SetServiceSecurityLevel 00453bda f   BSSDK:BsSDK.dll
 0002:00035be0       _Btsdk_GetServerStatus     00453be0 f   BSSDK:BsSDK.dll
 0002:00035be6       _Btsdk_UpdateServerAttributes 00453be6 f   BSSDK:BsSDK.dll
 0002:00035bf0       _BMessageParser            00453bf0 f   bmsg_parserd:bmsg_parser.obj
 0002:00035d70       _BMessageClose             00453d70 f   bmsg_parserd:bmsg_parser.obj
 0002:00035e40       _GetPropertValue           00453e40 f   bmsg_parserd:bmsg_parser.obj
 0002:00035fa0       _FindFirstPropertyValue    00453fa0 f   bmsg_parserd:bmsg_parser.obj
 0002:00036150       _FindNextPropertyValue     00454150 f   bmsg_parserd:bmsg_parser.obj
 0002:00036270       _EndFindPropertyValue      00454270 f   bmsg_parserd:bmsg_parser.obj
 0002:00036310       _SetPropertyValueEx        00454310 f   bmsg_parserd:bmsg_parser.obj
 0002:00036480       _SetPropertyValue          00454480 f   bmsg_parserd:bmsg_parser.obj
 0002:00036690       _WriteVBMsgToFile          00454690 f   bmsg_parserd:bmsg_parser.obj
 0002:00036820       _GetDateTime               00454820 f   bmsg_parserd:bmsg_parser.obj
 0002:000369e0       _Recv_SemiColon_Prev_PropName_Handler 004549e0 f   bmsg_parserd:parser_fsm.obj
 0002:00036a60       _Recv_Colon_Prev_PropName_Handler 00454a60 f   bmsg_parserd:parser_fsm.obj
 0002:00036ae0       _Recv_Space_Prev_PropName_Handler 00454ae0 f   bmsg_parserd:parser_fsm.obj
 0002:00036b10       _Recv_LR_Prev_PropName_Handler 00454b10 f   bmsg_parserd:parser_fsm.obj
 0002:00036b40       _Recv_LF_Prev_PropName_Handler 00454b40 f   bmsg_parserd:parser_fsm.obj
 0002:00036b70       _Recv_Equal_Prev_PropName_Handler 00454b70 f   bmsg_parserd:parser_fsm.obj
 0002:00036bf0       _Recv_Others_Prev_PropName_Handler 00454bf0 f   bmsg_parserd:parser_fsm.obj
 0002:00036c80       _Recv_SemiColon_PropName_Handler 00454c80 f   bmsg_parserd:parser_fsm.obj
 0002:00036d20       _Recv_Colon_PropName_Handler 00454d20 f   bmsg_parserd:parser_fsm.obj
 0002:00036d80       _Recv_Space_PropName_Handler 00454d80 f   bmsg_parserd:parser_fsm.obj
 0002:00036de0       _Recv_LR_PropName_Handler  00454de0 f   bmsg_parserd:parser_fsm.obj
 0002:00036e10       _Recv_LF_PropName_Handler  00454e10 f   bmsg_parserd:parser_fsm.obj
 0002:00036ee0       _Recv_Others_PropName_Handler 00454ee0 f   bmsg_parserd:parser_fsm.obj
 0002:00036f40       _Recv_SemiColon_Prev_PrmName_Handler 00454f40 f   bmsg_parserd:parser_fsm.obj
 0002:00036f70       _Recv_Colon_Prev_PrmName_Handler 00454f70 f   bmsg_parserd:parser_fsm.obj
 0002:00036fd0       _Recv_Space_Prev_PrmName_Handler 00454fd0 f   bmsg_parserd:parser_fsm.obj
 0002:00037000       _Recv_LR_Prev_PrmName_Handler 00455000 f   bmsg_parserd:parser_fsm.obj
 0002:00037030       _Recv_LF_Prev_PrmName_Handler 00455030 f   bmsg_parserd:parser_fsm.obj
 0002:00037060       _Recv_Others_Prev_PrmName_Handler 00455060 f   bmsg_parserd:parser_fsm.obj
 0002:000370d0       _Recv_SemiColon_PrmName_Handler 004550d0 f   bmsg_parserd:parser_fsm.obj
 0002:00037130       _Recv_Colon_PrmName_Handler 00455130 f   bmsg_parserd:parser_fsm.obj
 0002:00037190       _Recv_Space_PrmName_Handler 00455190 f   bmsg_parserd:parser_fsm.obj
 0002:000371c0       _Recv_LR_PrmName_Handler   004551c0 f   bmsg_parserd:parser_fsm.obj
 0002:000371f0       _Recv_LF_PrmName_Handler   004551f0 f   bmsg_parserd:parser_fsm.obj
 0002:00037220       _Recv_Equal_PrmName_Handler 00455220 f   bmsg_parserd:parser_fsm.obj
 0002:00037280       _Recv_Others_PrmName_Handler 00455280 f   bmsg_parserd:parser_fsm.obj
 0002:000372d0       _Recv_SemiColon_Prev_PrmValue_Handler 004552d0 f   bmsg_parserd:parser_fsm.obj
 0002:00037320       _Recv_Colon_Prev_PrmValue_Handler 00455320 f   bmsg_parserd:parser_fsm.obj
 0002:00037370       _Recv_Space_Prev_PrmValue_Handler 00455370 f   bmsg_parserd:parser_fsm.obj
 0002:000373a0       _Recv_LR_Prev_PrmValue_Handler 004553a0 f   bmsg_parserd:parser_fsm.obj
 0002:000373d0       _Recv_LF_Prev_PrmValue_Handler 004553d0 f   bmsg_parserd:parser_fsm.obj
 0002:00037400       _Recv_Equal_Prev_PrmValue_Handler 00455400 f   bmsg_parserd:parser_fsm.obj
 0002:00037470       _Recv_Others_Prev_PrmValue_Handler 00455470 f   bmsg_parserd:parser_fsm.obj
 0002:000374e0       _Recv_SemiColon_PrmValue_Handler 004554e0 f   bmsg_parserd:parser_fsm.obj
 0002:00037560       _Recv_Colon_PrmValue_Handler 00455560 f   bmsg_parserd:parser_fsm.obj
 0002:000375c0       _Recv_Space_PrmValue_Handler 004555c0 f   bmsg_parserd:parser_fsm.obj
 0002:000375f0       _Recv_LR_PrmValue_Handler  004555f0 f   bmsg_parserd:parser_fsm.obj
 0002:00037620       _Recv_LF_PrmValue_Handler  00455620 f   bmsg_parserd:parser_fsm.obj
 0002:00037650       _Recv_Equal_PrmValue_Handler 00455650 f   bmsg_parserd:parser_fsm.obj
 0002:000376a0       _Recv_Others_PrmValue_Handler 004556a0 f   bmsg_parserd:parser_fsm.obj
 0002:00037730       _Recv_LR_PropData_Handler  00455730 f   bmsg_parserd:parser_fsm.obj
 0002:00037760       _Recv_LF_PropData_Handler  00455760 f   bmsg_parserd:parser_fsm.obj
 0002:00037860       _Recv_Others_PropData_Handler 00455860 f   bmsg_parserd:parser_fsm.obj
 0002:00037a40       _Recv_BeginBMsg_Initial_handler 00455a40 f   bmsg_parserd:parser_fsm.obj
 0002:00037a80       _Recv_EndBMsg_BMsg_Handler 00455a80 f   bmsg_parserd:parser_fsm.obj
 0002:00037ac0       _Recv_BeginVcard_BMsg_Handler 00455ac0 f   bmsg_parserd:parser_fsm.obj
 0002:00037b00       _Recv_EndVcard_BMsg_Handler 00455b00 f   bmsg_parserd:parser_fsm.obj
 0002:00037b30       _Recv_BeginBEnv_BMsg_Handler 00455b30 f   bmsg_parserd:parser_fsm.obj
 0002:00037be0       _Recv_Others_BMsg_Handler  00455be0 f   bmsg_parserd:parser_fsm.obj
 0002:00037ce0       _Recv_EndVcard_Originator_Handler 00455ce0 f   bmsg_parserd:parser_fsm.obj
 0002:00037d20       _Recv_Others_Originator_Handler 00455d20 f   bmsg_parserd:parser_fsm.obj
 0002:00037e20       _Recv_BeginVcard_Envelope_Handler 00455e20 f   bmsg_parserd:parser_fsm.obj
 0002:00037e60       _Recv_BeginBEnv_Envelope_Handler 00455e60 f   bmsg_parserd:parser_fsm.obj
 0002:00037f30       _Recv_EndVcard_Recipient_Handler 00455f30 f   bmsg_parserd:parser_fsm.obj
 0002:00037f70       _Recv_EndBEnv_Envelope_Handler 00455f70 f   bmsg_parserd:parser_fsm.obj
 0002:00037fe0       _Recv_BeginBBody_Envelope_Handler 00455fe0 f   bmsg_parserd:parser_fsm.obj
 0002:000380d0       _Recv_EndBBody_Envelope_Handler 004560d0 f   bmsg_parserd:parser_fsm.obj
 0002:00038100       _Recv_EndBBody_Content_Handler 00456100 f   bmsg_parserd:parser_fsm.obj
 0002:00038140       _GramerFsm_BeginMsg_Content_Handler 00456140 f   bmsg_parserd:parser_fsm.obj
 0002:00038180       _Recv_Others_Content_Handler 00456180 f   bmsg_parserd:parser_fsm.obj
 0002:000382f0       _Recv_Others_Msg_Content_Handler 004562f0 f   bmsg_parserd:parser_fsm.obj
 0002:00038470       _Recv_Others_Recipient_Handler 00456470 f   bmsg_parserd:parser_fsm.obj
 0002:000385d0       _GramerFsm_Default_Handler 004565d0 f   bmsg_parserd:parser_fsm.obj
 0002:00038600       _GramerFsm_EndMsg_Msg_Content_Handler 00456600 f   bmsg_parserd:parser_fsm.obj
 0002:00038640       _BMsgSetDbgPrint           00456640 f   bmsg_parserd:dbg_print.obj
 0002:00038670       _setDbgFlags               00456670 f   bmsg_parserd:dbg_print.obj
 0002:000386c0       _Dbg_Enter                 004566c0 f   bmsg_parserd:dbg_print.obj
 0002:00038790       _Dbg_Leave                 00456790 f   bmsg_parserd:dbg_print.obj
 0002:00038860       _GetPartName               00456860 f   bmsg_parserd:dbg_print.obj
 0002:00038900       _Dbg_Print                 00456900 f   bmsg_parserd:dbg_print.obj
 0002:00038ab0       _BMsgTokenParser_ParseFile 00456ab0 f   bmsg_parserd:hlp_parser.obj
 0002:00038c20       _BMsgTokenParser_Init      00456c20 f   bmsg_parserd:hlp_parser.obj
 0002:00038cc0       _BMsgGrammerParser_Init    00456cc0 f   bmsg_parserd:hlp_parser.obj
 0002:00038d60       _BMsgObjUserData_Init      00456d60 f   bmsg_parserd:hlp_parser.obj
 0002:00038de0       _hlp_TokenParser_ParseBuf  00456de0 f   bmsg_parserd:hlp_parser.obj
 0002:00038fc0       _hlp_GetJmpFunFrom_TokenMatrix 00456fc0 f   bmsg_parserd:hlp_parser.obj
 0002:000390b0       _hlp_TokParserProcessElem_CB 004570b0 f   bmsg_parserd:hlp_parser.obj
 0002:00039470       _hlp_GetJmpFunFrom_GramMatrix 00457470 f   bmsg_parserd:hlp_parser.obj
 0002:00039560       _BMsg_OpenFile             00457560 f   bmsg_parserd:hlp_parser.obj
 0002:000395d0       _BMsg_WriteFile            004575d0 f   bmsg_parserd:hlp_parser.obj
 0002:00039620       _BMsg_CreateFile           00457620 f   bmsg_parserd:hlp_parser.obj
 0002:00039690       _BMsg_ReadFile             00457690 f   bmsg_parserd:hlp_parser.obj
 0002:00039770       _BMsg_GetFileSize          00457770 f   bmsg_parserd:hlp_parser.obj
 0002:000397c0       _BMsg_CloseFile            004577c0 f   bmsg_parserd:hlp_parser.obj
 0002:00039810       _hlp_AddChar2LineBuf       00457810 f   bmsg_parserd:hlp_parser.obj
 0002:00039980       _hlp_RecordePropNamePos    00457980 f   bmsg_parserd:hlp_parser.obj
 0002:000399c0       _hlp_CalcPropNameAddress   004579c0 f   bmsg_parserd:hlp_parser.obj
 0002:00039a10       _hlp_CalcPropPrmsAddress   00457a10 f   bmsg_parserd:hlp_parser.obj
 0002:00039b00       _hlp_CalcPropDataAddress   00457b00 f   bmsg_parserd:hlp_parser.obj
 0002:00039b50       _hlp_ReleaseTokParserBuf   00457b50 f   bmsg_parserd:hlp_parser.obj
 0002:00039c70       _hlp_RecordParamNamePos    00457c70 f   bmsg_parserd:hlp_parser.obj
 0002:00039d40       _hlp_RecordParamValuePos   00457d40 f   bmsg_parserd:hlp_parser.obj
 0002:00039da0       _hlp_RecordPropDataPos     00457da0 f   bmsg_parserd:hlp_parser.obj
 0002:00039de0       _hlp_SetElemNodeData       00457de0 f   bmsg_parserd:hlp_parser.obj
 0002:0003a220       _hlp_FreeElemNodeList      00458220 f   bmsg_parserd:hlp_parser.obj
 0002:0003a2f0       _hlp_FreeParamNodeList     004582f0 f   bmsg_parserd:hlp_parser.obj
 0002:0003a3a0       _hlp_BMsgUserData_DeInit   004583a0 f   bmsg_parserd:hlp_parser.obj
 0002:0003a460       _hlp_FreeBMsgEnvelop       00458460 f   bmsg_parserd:hlp_parser.obj
 0002:0003a530       _hlp_BMsgTokenParser_DeInit 00458530 f   bmsg_parserd:hlp_parser.obj
 0002:0003a5f0       _hlp_BMsgGrammerParser_DeInit 004585f0 f   bmsg_parserd:hlp_parser.obj
 0002:0003a640       _GetParserResultCode       00458640 f   bmsg_parserd:hlp_parser.obj
 0002:0003a670       _hlp_GetBMsgPropertyValue  00458670 f   bmsg_parserd:hlp_parser.obj
 0002:0003a780       _hlp_GetBMsgBodyData       00458780 f   bmsg_parserd:hlp_parser.obj
 0002:0003a990       _GetPropNameFromId         00458990 f   bmsg_parserd:hlp_parser.obj
 0002:0003aa10       _hlp_GetBMsgRecipentInfoValue 00458a10 f   bmsg_parserd:hlp_parser.obj
 0002:0003aab0       _hlp_GetBMsgContentInfoValue 00458ab0 f   bmsg_parserd:hlp_parser.obj
 0002:0003abb0       _hlp_FindFirstBMsgPropValue 00458bb0 f   bmsg_parserd:hlp_parser.obj
 0002:0003ace0       _hlp_CreateFindHdlFromId   00458ce0 f   bmsg_parserd:hlp_parser.obj
 0002:0003add0       _hlp_FindFirstBMsgRecipientPropValue 00458dd0 f   bmsg_parserd:hlp_parser.obj
 0002:0003afb0       _hlp_FindFirstBMsgContentPropValue 00458fb0 f   bmsg_parserd:hlp_parser.obj
 0002:0003b110       _hlp_FindFirstBMsgContentData 00459110 f   bmsg_parserd:hlp_parser.obj
 0002:0003b210       _hlp_InsertNode2ListFind   00459210 f   bmsg_parserd:hlp_parser.obj
 0002:0003b2f0       _hlp_SetBMsgContentPropertyValue 004592f0 f   bmsg_parserd:hlp_parser.obj
 0002:0003b570       _hlp_setBMsgRecepientValue 00459570 f   bmsg_parserd:hlp_parser.obj
 0002:0003b7f0       _hlp_SetBMsgBodyData       004597f0 f   bmsg_parserd:hlp_parser.obj
 0002:0003b900       _hlp_FreeStruList          00459900 f   bmsg_parserd:hlp_parser.obj
 0002:0003b970       _hlp_WritePropElemToFile   00459970 f   bmsg_parserd:hlp_parser.obj
 0002:0003ba70       _hlp_WriteEnvlopeToFile    00459a70 f   bmsg_parserd:hlp_parser.obj
 0002:0003bc90       _hlp_SetBMsgPropertyValue  00459c90 f   bmsg_parserd:hlp_parser.obj
 0002:0003bf40       _hlp_SetBMsgSenderPropValue 00459f40 f   bmsg_parserd:hlp_parser.obj
 0002:0003c1ee       _WideCharToMultiByte@32    0045a1ee f   kernel32:KERNEL32.dll
 0002:0003c1f4       _MultiByteToWideChar@24    0045a1f4 f   kernel32:KERNEL32.dll
 0002:0003c1fa       _FindFirstFileA@8          0045a1fa f   kernel32:KERNEL32.dll
 0002:0003c200       _CreateDirectoryA@8        0045a200 f   kernel32:KERNEL32.dll
 0002:0003c206       _SetEvent@4                0045a206 f   kernel32:KERNEL32.dll
 0002:0003c20c       _OpenEventA@12             0045a20c f   kernel32:KERNEL32.dll
 0002:0003c212       _CloseHandle@4             0045a212 f   kernel32:KERNEL32.dll
 0002:0003c218       _WaitForSingleObject@8     0045a218 f   kernel32:KERNEL32.dll
 0002:0003c21e       _CreateEventA@16           0045a21e f   kernel32:KERNEL32.dll
 0002:0003c224       _FileTimeToSystemTime@8    0045a224 f   kernel32:KERNEL32.dll
 0002:0003c22a       _FindClose@4               0045a22a f   kernel32:KERNEL32.dll
 0002:0003c230       _FindNextFileA@8           0045a230 f   kernel32:KERNEL32.dll
 0002:0003c236       _MoveFileA@8               0045a236 f   kernel32:KERNEL32.dll
 0002:0003c23c       _GetSystemTime@4           0045a23c f   kernel32:KERNEL32.dll
 0002:0003c242       _CreateThread@24           0045a242 f   kernel32:KERNEL32.dll
 0002:0003c248       _lstrlenA@4                0045a248 f   kernel32:KERNEL32.dll
 0002:0003c24e       _GetWindowsDirectoryA@8    0045a24e f   kernel32:KERNEL32.dll
 0002:0003c254       _IsDebuggerPresent@0       0045a254 f   kernel32:KERNEL32.dll
 0002:0003c25a       _RaiseException@16         0045a25a f   kernel32:KERNEL32.dll
 0002:0003c260       _DebugBreak@0              0045a260 f   kernel32:KERNEL32.dll
 0002:0003c266       _GetProcAddress@8          0045a266 f   kernel32:KERNEL32.dll
 0002:0003c26c       _LoadLibraryA@4            0045a26c f   kernel32:KERNEL32.dll
 0002:0003c272       _InterlockedExchange@8     0045a272 f   kernel32:KERNEL32.dll
 0002:0003c278       _Sleep@4                   0045a278 f   kernel32:KERNEL32.dll
 0002:0003c27e       _InterlockedCompareExchange@12 0045a27e f   kernel32:KERNEL32.dll
 0002:0003c284       _TerminateProcess@8        0045a284 f   kernel32:KERNEL32.dll
 0002:0003c28a       _GetCurrentProcess@0       0045a28a f   kernel32:KERNEL32.dll
 0002:0003c290       _UnhandledExceptionFilter@4 0045a290 f   kernel32:KERNEL32.dll
 0002:0003c296       _SetUnhandledExceptionFilter@4 0045a296 f   kernel32:KERNEL32.dll
 0002:0003c29c       _HeapFree@12               0045a29c f   kernel32:KERNEL32.dll
 0002:0003c2a2       _HeapAlloc@12              0045a2a2 f   kernel32:KERNEL32.dll
 0002:0003c2a8       _GetProcessHeap@0          0045a2a8 f   kernel32:KERNEL32.dll
 0002:0003c2ae       _GetModuleFileNameW@12     0045a2ae f   kernel32:KERNEL32.dll
 0002:0003c2b4       _VirtualQuery@12           0045a2b4 f   kernel32:KERNEL32.dll
 0002:0003c2ba       _FreeLibrary@4             0045a2ba f   kernel32:KERNEL32.dll
 0002:0003c2c0       _QueryPerformanceCounter@4 0045a2c0 f   kernel32:KERNEL32.dll
 0002:0003c2c6       _GetTickCount@0            0045a2c6 f   kernel32:KERNEL32.dll
 0002:0003c2cc       _GetCurrentThreadId@0      0045a2cc f   kernel32:KERNEL32.dll
 0002:0003c2d2       _GetCurrentProcessId@0     0045a2d2 f   kernel32:KERNEL32.dll
 0002:0003c2d8       _GetSystemTimeAsFileTime@4 0045a2d8 f   kernel32:KERNEL32.dll
 0002:0003c2de       _OutputDebugStringA@4      0045a2de f   kernel32:KERNEL32.dll
 0002:0003c2e4       _SHGetPathFromIDListA@8    0045a2e4 f   shell32:SHELL32.dll
 0002:0003c2ea       _SHGetSpecialFolderLocation@12 0045a2ea f   shell32:SHELL32.dll
 0002:0003c2f0       __free_dbg                 0045a2f0 f   msvcrtd:MSVCR90D.dll
 0002:0003c2f6       __malloc_dbg               0045a2f6 f   msvcrtd:MSVCR90D.dll
 0002:0003c2fc       __chkesp                   0045a2fc f   msvcrtd:MSVCR90D.dll
 0002:0003c302       __wfopen                   0045a302 f   msvcrtd:MSVCR90D.dll
 0002:0003c308       _wcslen                    0045a308 f   msvcrtd:MSVCR90D.dll
 0002:0003c30e       __filelength               0045a30e f   msvcrtd:MSVCR90D.dll
 0002:0003c314       __realloc_dbg              0045a314 f   msvcrtd:MSVCR90D.dll
 0002:0003c31a       __itoa                     0045a31a f   msvcrtd:MSVCR90D.dll
 0003:00000000       ___xc_a                    0045b000     msvcrtd:cinitexe.obj
 0003:00000208       ___xc_z                    0045b208     msvcrtd:cinitexe.obj
 0003:0000030c       ___xi_a                    0045b30c     msvcrtd:cinitexe.obj
 0003:00000618       ___xi_z                    0045b618     msvcrtd:cinitexe.obj
 0003:0000073c       _NUM_PLAYER_SETTING_RES    0045b73c     av_tst.obj
 0003:00000740       ??_C@_0CK@NJOACMIO@Select?5remote?5audio?5device?5succe@ 0045b740     av_tst.obj
 0003:00000778       ??_C@_0FG@FFGPJDBG@Please?5make?5sure?5that?5the?5expect@ 0045b778     av_tst.obj
 0003:000007e0       ??_C@_0DE@PDMCLFHM@Select?5remote?5audio?5device?8s?5ser@ 0045b7e0     av_tst.obj
 0003:00000820       ??_C@_0CE@GCBKPLJA@Can?8t?5get?5expected?5service?5handl@ 0045b820     av_tst.obj
 0003:0000084c       ??_C@_02GPIOPFAK@?$DO?$DO?$AA@ 0045b84c     av_tst.obj
 0003:00000850       ??_C@_0CL@HEEOCGLM@?$CK?5?$DMr?$DO?5?5?5?5Return?5to?5the?5upper?5men@ 0045b850     av_tst.obj
 0003:00000884       ??_C@_0CL@JIDCFJGH@?$CK?5?$DM2?$DO?5?5?5?5AVRCP_CT?5?5?$CILocal?5is?5TG?$CJ@ 0045b884     av_tst.obj
 0003:000008b8       ??_C@_0CL@EKIKBBEC@?$CK?5?$DM1?$DO?5?5?5?5AVRCP_TG?5?5?$CILocal?5is?5CT?$CJ@ 0045b8b8     av_tst.obj
 0003:000008ec       ??_C@_0CL@HHKEMLCP@?$CK?5?5?5?5Please?5select?5the?5Server?5cl@ 0045b8ec     av_tst.obj
 0003:00000920       ??_C@_0CL@PAMCIOCG@?$CK?$CK?$CK?$CK?$CK?$CK?$CK?$CK?$CK?$CK?$CK?$CK?$CK?$CK?$CK?$CK?$CK?$CK?$CK?$CK?$CK?$CK?$CK?$CK?$CK?$CK?$CK?$CK?$CK?$CK?$CK?$CK@ 0045b920     av_tst.obj
 0003:00000954       ??_C@_0CL@JNLHOACL@?$CK?5?$DMr?$DO?5?5?5Return?5the?5upper?5menu?5?5?5@ 0045b954     av_tst.obj
 0003:00000988       ??_C@_0CL@PAAFPOJ@?$CK?5?$DMd?$DO?5?5?5BACKWARD?5?5?5?5?5?5?5?5?5?5?5?5?5?5?5?5@ 0045b988     av_tst.obj
 0003:000009bc       ??_C@_0CL@IADIFEDF@?$CK?5?$DMc?$DO?5?5?5FORWEAD?5?5?5?5?5?5?5?5?5?5?5?5?5?5?5?5?5@ 0045b9bc     av_tst.obj
 0003:000009f0       ??_C@_0CL@PFDOCAOE@?$CK?5?$DMb?$DO?5?5?5EJECT?5?5?5?5?5?5?5?5?5?5?5?5?5?5?5?5?5?5?5@ 0045b9f0     av_tst.obj
 0003:00000a24       ??_C@_0CL@OLEIHKNK@?$CK?5?$DMa?$DO?5?5?5FAST_FORWARD?5?5?5?5?5?5?5?5?5?5?5?5@ 0045ba24     av_tst.obj
 0003:00000a58       ??_C@_0CL@JLNMADNG@?$CK?5?$DM9?$DO?5?5?5REWIND?5?5?5?5?5?5?5?5?5?5?5?5?5?5?5?5?5?5@ 0045ba58     av_tst.obj
 0003:00000a8c       ??_C@_0CL@NNAIKOAM@?$CK?5?$DM8?$DO?5?5?5RECORD?5?5?5?5?5?5?5?5?5?5?5?5?5?5?5?5?5?5@ 0045ba8c     av_tst.obj
 0003:00000ac0       ??_C@_0CL@KFHCIFOI@?$CK?5?$DM7?$DO?5?5?5PAUSE?5?5?5?5?5?5?5?5?5?5?5?5?5?5?5?5?5?5?5@ 0045bac0     av_tst.obj
 0003:00000af4       ??_C@_0CL@DOOAOBPP@?$CK?5?$DM6?$DO?5?5?5STOP?5?5?5?5?5?5?5?5?5?5?5?5?5?5?5?5?5?5?5?5@ 0045baf4     av_tst.obj
 0003:00000b28       ??_C@_0CL@INFOCLDB@?$CK?5?$DM5?$DO?5?5?5PLAY?5?5?5?5?5?5?5?5?5?5?5?5?5?5?5?5?5?5?5?5@ 0045bb28     av_tst.obj
 0003:00000b5c       ??_C@_0CL@KFMCEPCM@?$CK?5?$DM4?$DO?5?5?5MUTE?5?5?5?5?5?5?5?5?5?5?5?5?5?5?5?5?5?5?5?5@ 0045bb5c     av_tst.obj
 0003:00000b90       ??_C@_0CL@DCFLNHJE@?$CK?5?$DM3?$DO?5?5?5VOLUME?5DOWN?5?5?5?5?5?5?5?5?5?5?5?5?5@ 0045bb90     av_tst.obj
 0003:00000bc4       ??_C@_0CL@LMJLIPLP@?$CK?5?$DM2?$DO?5?5?5VOLUME?5UP?5?5?5?5?5?5?5?5?5?5?5?5?5?5?5@ 0045bbc4     av_tst.obj
 0003:00000bf8       ??_C@_0CL@CLFPMCKK@?$CK?5?$DM1?$DO?5?5?5POWER?5?5?5?5?5?5?5?5?5?5?5?5?5?5?5?5?5?5?5@ 0045bbf8     av_tst.obj
 0003:00000c2c       ??_C@_0CL@JOPGKAED@?$CK?5?5?5?5Please?5select?5the?5choice?5yo@ 0045bc2c     av_tst.obj
 0003:00000c60       ??_C@_0BC@JMEIDKON@Invalid?5command?4?6?$AA@ 0045bc60     av_tst.obj
 0003:00000c78       ??_C@_03ONPDDLC@?5?$CFc?$AA@ 0045bc78     av_tst.obj
[...]
 0005:00000900       __imp__Btsdk_AVRCP_GetPlayerAppSetAttrTxtRsp 0047e900     BSSDK:BsSDK.dll
 0005:00000904       __imp__Btsdk_AVRCP_GetPlayerAppSetValTxtRsp 0047e904     BSSDK:BsSDK.dll
 0005:00000908       __imp__Btsdk_AVRCP_SetAddressedPlayerRsp 0047e908     BSSDK:BsSDK.dll
 0005:0000090c       __imp__Btsdk_AVRCP_InformBattStatusRsp 0047e90c     BSSDK:BsSDK.dll
 0005:00000910       __imp__Btsdk_AVRCP_SetAbsoluteVolRsp 0047e910     BSSDK:BsSDK.dll
 0005:00000914       __imp__Btsdk_AVRCP_EventUIDSChanged 0047e914     BSSDK:BsSDK.dll
 0005:00000918       __imp__Btsdk_AVRCP_EventAddrPlayerChanged 0047e918     BSSDK:BsSDK.dll
 0005:0000091c       __imp__Btsdk_AVRCP_EventAvailablePlayerChanged 0047e91c     BSSDK:BsSDK.dll
 0005:00000920       __imp__Btsdk_AVRCP_EventNowPlayingContentChanged 0047e920     BSSDK:BsSDK.dll
 0005:00000924       __imp__Btsdk_AVRCP_AddToNowPlayingRsp 0047e924     BSSDK:BsSDK.dll
 0005:00000928       __imp__Btsdk_AVRCP_SearchRsp 0047e928     BSSDK:BsSDK.dll
 0005:0000092c       __imp__Btsdk_AVRCP_PlayItemRsp 0047e92c     BSSDK:BsSDK.dll
 0005:00000930       __imp__Btsdk_AVRCP_GetItemAttrRsp 0047e930     BSSDK:BsSDK.dll
 0005:00000934       __imp__Btsdk_AVRCP_SetBrowsedPlayerRsp 0047e934     BSSDK:BsSDK.dll
 0005:00000938       __imp__Btsdk_AVRCP_InformCharSetRsp 0047e938     BSSDK:BsSDK.dll
 0005:0000093c       __imp__Btsdk_AVRCP_RegNotifReq 0047e93c     BSSDK:BsSDK.dll
 0005:00000940       __imp__Btsdk_AVRCP_GetElementAttrReq 0047e940     BSSDK:BsSDK.dll
 0005:00000944       __imp__Btsdk_AVRCP_InformCharSetReq 0047e944     BSSDK:BsSDK.dll
 0005:00000948       __imp__Btsdk_AVRCP_ListPlayerAppSetAttrReq 0047e948     BSSDK:BsSDK.dll
 0005:0000094c       __imp__Btsdk_AVRCP_GetPlayerAppSetAttrTxtReq 0047e94c     BSSDK:BsSDK.dll
 0005:00000950       __imp__Btsdk_AVRCP_GetPlayerAppSetValTxtReq 0047e950     BSSDK:BsSDK.dll
 0005:00000954       __imp__Btsdk_AVRCP_ListPlayerAppSetValReq 0047e954     BSSDK:BsSDK.dll
 0005:00000958       __imp__Btsdk_AVRCP_GetCurPlayerAppSetValReq 0047e958     BSSDK:BsSDK.dll
 0005:0000095c       __imp__Btsdk_AVRCP_GetCapabilitiesReq 0047e95c     BSSDK:BsSDK.dll
 0005:00000960       __imp__Btsdk_AVRCP_CTRegResponseCbk 0047e960     BSSDK:BsSDK.dll
 0005:00000964       __imp__Btsdk_AVRCP_TGRegCommandCbk 0047e964     BSSDK:BsSDK.dll
 0005:00000968       __imp__Btsdk_AVRCP_RegIndCbk4ThirdParty 0047e968     BSSDK:BsSDK.dll
 0005:0000096c       __imp__Btsdk_AVRCP_RegPassThrCmdCbk4ThirdParty 0047e96c     BSSDK:BsSDK.dll
 0005:00000970       __imp__Btsdk_AVRCP_GeneralRejectRsp 0047e970     BSSDK:BsSDK.dll
 0005:00000974       __imp__Btsdk_AVRCP_GetPlayStatusRsp 0047e974     BSSDK:BsSDK.dll
 0005:00000978       __imp__Btsdk_AVRCP_GetCurPlayerAppSetValRsp 0047e978     BSSDK:BsSDK.dll
 0005:0000097c       __imp__Btsdk_AVRCP_SetCurPlayerAppSetValRsp 0047e97c     BSSDK:BsSDK.dll
 0005:00000980       __imp__Btsdk_AVRCP_GetFolderItemsRsp 0047e980     BSSDK:BsSDK.dll
 0005:00000984       __imp__Btsdk_FTPBrowseFolder 0047e984     BSSDK:BsSDK.dll
 0005:00000988       __imp__Btsdk_FTPBackDir    0047e988     BSSDK:BsSDK.dll
 0005:0000098c       __imp__Btsdk_FTPDeleteFile 0047e98c     BSSDK:BsSDK.dll
 0005:00000990       __imp__Btsdk_FTPDeleteDir  0047e990     BSSDK:BsSDK.dll
 0005:00000994       __imp__Btsdk_FTPPutFile    0047e994     BSSDK:BsSDK.dll
 0005:00000998       __imp__Btsdk_FTPPutDir     0047e998     BSSDK:BsSDK.dll
 0005:0000099c       __imp__Btsdk_FTPGetFile    0047e99c     BSSDK:BsSDK.dll
 0005:000009a0       __imp__Btsdk_FTPGetDir     0047e9a0     BSSDK:BsSDK.dll
 0005:000009a4       __imp__Btsdk_FTPRegisterStatusCallback4ThirdParty 0047e9a4     BSSDK:BsSDK.dll
 0005:000009a8       __imp__Btsdk_FTPSetRmtDir  0047e9a8     BSSDK:BsSDK.dll
 0005:000009ac       __imp__Btsdk_FTPCreateDir  0047e9ac     BSSDK:BsSDK.dll
 0005:000009b0       __imp__Btsdk_FTPGetRmtDir  0047e9b0     BSSDK:BsSDK.dll
 0005:000009b4       __imp__Btsdk_OPPExchangeObj 0047e9b4     BSSDK:BsSDK.dll
 0005:000009b8       __imp__Btsdk_OPPPullObj    0047e9b8     BSSDK:BsSDK.dll
 0005:000009bc       __imp__Btsdk_OPPPushObj    0047e9bc     BSSDK:BsSDK.dll
 0005:000009c0       __imp__Btsdk_GATTGetServices 0047e9c0     BSSDK:BsSDK.dll
 0005:000009c4       __imp__Btsdk_GATTGetCharacteristics 0047e9c4     BSSDK:BsSDK.dll
 0005:000009c8       __imp__Btsdk_GATTGetCharacteristicValue 0047e9c8     BSSDK:BsSDK.dll
 0005:000009cc       __imp__Btsdk_GATTSetCharacteristicValue 0047e9cc     BSSDK:BsSDK.dll
 0005:000009d0       __imp__Btsdk_GATTGetDescriptors 0047e9d0     BSSDK:BsSDK.dll
 0005:000009d4       __imp__Btsdk_GATTGetDescriptorValue 0047e9d4     BSSDK:BsSDK.dll
 0005:000009d8       __imp__Btsdk_GATTSetDescriptorValue 0047e9d8     BSSDK:BsSDK.dll
 0005:000009dc       __imp__Btsdk_GATTCloseSession 0047e9dc     BSSDK:BsSDK.dll
 0005:000009e0       __imp__Btsdk_GetLEDeviceAppearance 0047e9e0     BSSDK:BsSDK.dll
 0005:000009e4       __imp__Btsdk_GATTRegisterEvent 0047e9e4     BSSDK:BsSDK.dll
 0005:000009e8       __imp__Btsdk_GATTUnregisterEvent 0047e9e8     BSSDK:BsSDK.dll
 0005:000009ec       __imp__Btsdk_EndEnumRemoteDevice 0047e9ec     BSSDK:BsSDK.dll
 0005:000009f0       __imp__Btsdk_GetRemoteDeviceType 0047e9f0     BSSDK:BsSDK.dll
 0005:000009f4       __imp__Btsdk_EnumRemoteDevice 0047e9f4     BSSDK:BsSDK.dll
 0005:000009f8       __imp__Btsdk_StartEnumRemoteDevice 0047e9f8     BSSDK:BsSDK.dll
 0005:000009fc       __imp__Btsdk_StartDeviceDiscovery 0047e9fc     BSSDK:BsSDK.dll
 0005:00000a00       __imp__Btsdk_RegisterCallback4ThirdParty 0047ea00     BSSDK:BsSDK.dll
 0005:00000a04       __imp__Btsdk_RegisterMNSService 0047ea04     BSSDK:BsSDK.dll
 0005:00000a08       __imp__Btsdk_GetRemoteDeviceName 0047ea08     BSSDK:BsSDK.dll
 0005:00000a0c       __imp__Btsdk_HFP_ExtendCmd 0047ea0c     BSSDK:BsSDK.dll
 0005:00000a10       __imp__Btsdk_AGAP_DialRsp  0047ea10     BSSDK:BsSDK.dll
 0005:00000a14       __imp__Btsdk_UpdateRemoteDeviceName 0047ea14     BSSDK:BsSDK.dll
 0005:00000a18       __imp__Btsdk_AGAP_AudioConnTrans 0047ea18     BSSDK:BsSDK.dll
 0005:00000a1c       __imp__Btsdk_AGAP_IsAudioConnExisted 0047ea1c     BSSDK:BsSDK.dll
 0005:00000a20       __imp__Btsdk_HFAP_VoiceRecognitionReq 0047ea20     BSSDK:BsSDK.dll
 0005:00000a24       __imp__Btsdk_HFAP_VoiceTagPhoneNumReq 0047ea24     BSSDK:BsSDK.dll
 0005:00000a28       __imp__Btsdk_HFAP_GetModelID 0047ea28     BSSDK:BsSDK.dll
 0005:00000a2c       __imp__Btsdk_HFAP_GetManufacturerID 0047ea2c     BSSDK:BsSDK.dll
 0005:00000a30       __imp__Btsdk_HFAP_GetCurrentCalls 0047ea30     BSSDK:BsSDK.dll
 0005:00000a34       __imp__Btsdk_HFAP_GetSubscriberNumber 0047ea34     BSSDK:BsSDK.dll
 0005:00000a38       __imp__Btsdk_HFAP_AudioConnTrans 0047ea38     BSSDK:BsSDK.dll
 0005:00000a3c       __imp__Btsdk_HFAP_NetworkOperatorReq 0047ea3c     BSSDK:BsSDK.dll
 0005:00000a40       __imp__Btsdk_HFAP_DisableNREC 0047ea40     BSSDK:BsSDK.dll
 0005:00000a44       __imp__Btsdk_HFAP_SetSpkVol 0047ea44     BSSDK:BsSDK.dll
 0005:00000a48       __imp__Btsdk_HFAP_SetMicVol 0047ea48     BSSDK:BsSDK.dll
 0005:00000a4c       __imp__Btsdk_HFAP_TxDTMF   0047ea4c     BSSDK:BsSDK.dll
 0005:00000a50       __imp__Btsdk_HFAP_MemNumDial 0047ea50     BSSDK:BsSDK.dll
 0005:00000a54       __imp__Btsdk_HFAP_LastNumRedial 0047ea54     BSSDK:BsSDK.dll
 0005:00000a58       __imp__Btsdk_HFAP_Dial     0047ea58     BSSDK:BsSDK.dll
 0005:00000a5c       __imp__Btsdk_HFAP_CancelCall 0047ea5c     BSSDK:BsSDK.dll
 0005:00000a60       __imp__Btsdk_HFAP_AnswerCall 0047ea60     BSSDK:BsSDK.dll
 0005:00000a64       __imp__Btsdk_AGAP_APPRegCbk4ThirdParty 0047ea64     BSSDK:BsSDK.dll
 0005:00000a68       __imp__Btsdk_RegisterHFPService 0047ea68     BSSDK:BsSDK.dll
 0005:00000a6c       __imp__Btsdk_HFAP_APPRegCbk4ThirdParty 0047ea6c     BSSDK:BsSDK.dll
 0005:00000a70       __imp__Btsdk_UnregisterHFPService 0047ea70     BSSDK:BsSDK.dll
 0005:00000a74       __imp__Btsdk_EndEnumRemoteService 0047ea74     BSSDK:BsSDK.dll
 0005:00000a78       __imp__Btsdk_FreeMemory    0047ea78     BSSDK:BsSDK.dll
 0005:00000a7c       __imp__Btsdk_EnumRemoteService 0047ea7c     BSSDK:BsSDK.dll
 0005:00000a80       __imp__Btsdk_StartEnumRemoteService 0047ea80     BSSDK:BsSDK.dll
 0005:00000a84       __imp__Btsdk_BrowseRemoteServices 0047ea84     BSSDK:BsSDK.dll
 0005:00000a88       __imp__Btsdk_Hid_ClntUnPluggedDev 0047ea88     BSSDK:BsSDK.dll
 0005:00000a8c       __imp__Btsdk_SetLocalName  0047ea8c     BSSDK:BsSDK.dll
 0005:00000a90       __imp__Btsdk_GetDiscoveryMode 0047ea90     BSSDK:BsSDK.dll
 0005:00000a94       __imp__Btsdk_SetDiscoveryMode 0047ea94     BSSDK:BsSDK.dll
 0005:00000a98       __imp__Btsdk_GetLocalDeviceClass 0047ea98     BSSDK:BsSDK.dll
 0005:00000a9c       __imp__Btsdk_SetLocalDeviceClass 0047ea9c     BSSDK:BsSDK.dll
 0005:00000aa0       __imp__Btsdk_GetLocalLMPInfo 0047eaa0     BSSDK:BsSDK.dll
 0005:00000aa4       __imp__Btsdk_GetLocalDeviceAddress 0047eaa4     BSSDK:BsSDK.dll
 0005:00000aa8       __imp__Btsdk_GetLocalName  0047eaa8     BSSDK:BsSDK.dll
 0005:00000aac       __imp__Btsdk_ExecuteHCICommandEx 0047eaac     BSSDK:BsSDK.dll
 0005:00000ab0       __imp__Btsdk_MAPSendEvent  0047eab0     BSSDK:BsSDK.dll
 0005:00000ab4       \177BsSDK_NULL_THUNK_DATA  0047eab4     BSSDK:BsSDK.dll
 0005:00000b88       __imp__GetSystemTimeAsFileTime@4 0047eb88     kernel32:KERNEL32.dll
 0005:00000b8c       __imp__GetCurrentProcessId@0 0047eb8c     kernel32:KERNEL32.dll
 0005:00000b90       __imp__GetCurrentThreadId@0 0047eb90     kernel32:KERNEL32.dll
 0005:00000b94       __imp__GetTickCount@0      0047eb94     kernel32:KERNEL32.dll
 0005:00000b98       __imp__QueryPerformanceCounter@4 0047eb98     kernel32:KERNEL32.dll
 0005:00000b9c       __imp__FreeLibrary@4       0047eb9c     kernel32:KERNEL32.dll
 0005:00000ba0       __imp__VirtualQuery@12     0047eba0     kernel32:KERNEL32.dll
 0005:00000ba4       __imp__GetModuleFileNameW@12 0047eba4     kernel32:KERNEL32.dll
 0005:00000ba8       __imp__GetProcessHeap@0    0047eba8     kernel32:KERNEL32.dll
 0005:00000bac       __imp__HeapAlloc@12        0047ebac     kernel32:KERNEL32.dll
 0005:00000bb0       __imp__HeapFree@12         0047ebb0     kernel32:KERNEL32.dll
 0005:00000bb4       __imp__SetUnhandledExceptionFilter@4 0047ebb4     kernel32:KERNEL32.dll
 0005:00000bb8       __imp__UnhandledExceptionFilter@4 0047ebb8     kernel32:KERNEL32.dll
 0005:00000bbc       __imp__GetCurrentProcess@0 0047ebbc     kernel32:KERNEL32.dll
 0005:00000bc0       __imp__TerminateProcess@8  0047ebc0     kernel32:KERNEL32.dll
 0005:00000bc4       __imp__InterlockedCompareExchange@12 0047ebc4     kernel32:KERNEL32.dll
 0005:00000bc8       __imp__Sleep@4             0047ebc8     kernel32:KERNEL32.dll
 0005:00000bcc       __imp__InterlockedExchange@8 0047ebcc     kernel32:KERNEL32.dll
 0005:00000bd0       __imp__LoadLibraryA@4      0047ebd0     kernel32:KERNEL32.dll
 0005:00000bd4       __imp__GetProcAddress@8    0047ebd4     kernel32:KERNEL32.dll
 0005:00000bd8       __imp__DebugBreak@0        0047ebd8     kernel32:KERNEL32.dll
 0005:00000bdc       __imp__RaiseException@16   0047ebdc     kernel32:KERNEL32.dll
 0005:00000be0       __imp__IsDebuggerPresent@0 0047ebe0     kernel32:KERNEL32.dll
 0005:00000be4       __imp__GetWindowsDirectoryA@8 0047ebe4     kernel32:KERNEL32.dll
 0005:00000be8       __imp__lstrlenA@4          0047ebe8     kernel32:KERNEL32.dll
 0005:00000bec       __imp__CreateThread@24     0047ebec     kernel32:KERNEL32.dll
 0005:00000bf0       __imp__GetSystemTime@4     0047ebf0     kernel32:KERNEL32.dll
 0005:00000bf4       __imp__MoveFileA@8         0047ebf4     kernel32:KERNEL32.dll
 0005:00000bf8       __imp__FindNextFileA@8     0047ebf8     kernel32:KERNEL32.dll
 0005:00000bfc       __imp__FindClose@4         0047ebfc     kernel32:KERNEL32.dll
 0005:00000c00       __imp__FileTimeToSystemTime@8 0047ec00     kernel32:KERNEL32.dll
 0005:00000c04       __imp__CreateEventA@16     0047ec04     kernel32:KERNEL32.dll
 0005:00000c08       __imp__WaitForSingleObject@8 0047ec08     kernel32:KERNEL32.dll
 0005:00000c0c       __imp__CloseHandle@4       0047ec0c     kernel32:KERNEL32.dll
 0005:00000c10       __imp__OpenEventA@12       0047ec10     kernel32:KERNEL32.dll
 0005:00000c14       __imp__SetEvent@4          0047ec14     kernel32:KERNEL32.dll
 0005:00000c18       __imp__CreateDirectoryA@8  0047ec18     kernel32:KERNEL32.dll
 0005:00000c1c       __imp__FindFirstFileA@8    0047ec1c     kernel32:KERNEL32.dll
 0005:00000c20       __imp__MultiByteToWideChar@24 0047ec20     kernel32:KERNEL32.dll
 0005:00000c24       __imp__WideCharToMultiByte@32 0047ec24     kernel32:KERNEL32.dll
 0005:00000c28       __imp__OutputDebugStringA@4 0047ec28     kernel32:KERNEL32.dll
 0005:00000c2c       \177KERNEL32_NULL_THUNK_DATA 0047ec2c     kernel32:KERNEL32.dll
 0005:00000c78       __imp__vsprintf            0047ec78     msvcrtd:MSVCR90D.dll
 0005:00000c7c       __imp___CrtDbgReport       0047ec7c     msvcrtd:MSVCR90D.dll
 0005:00000c80       __imp__system              0047ec80     msvcrtd:MSVCR90D.dll
 0005:00000c84       __imp__memcmp              0047ec84     msvcrtd:MSVCR90D.dll
 0005:00000c88       __imp__remove              0047ec88     msvcrtd:MSVCR90D.dll
 0005:00000c8c       __imp__atol                0047ec8c     msvcrtd:MSVCR90D.dll
 0005:00000c90       __imp__stricmp             0047ec90     msvcrtd:MSVCR90D.dll
 0005:00000c90       __imp___stricmp            0047ec90     msvcrtd:MSVCR90D.dll
 0005:00000c94       __imp__fwrite              0047ec94     msvcrtd:MSVCR90D.dll
 0005:00000c98       __imp__tmpfile             0047ec98     msvcrtd:MSVCR90D.dll
 0005:00000c9c       __imp___chdir              0047ec9c     msvcrtd:MSVCR90D.dll
 0005:00000ca0       __imp___mkdir              0047eca0     msvcrtd:MSVCR90D.dll
 0005:00000ca4       __imp__strstr              0047eca4     msvcrtd:MSVCR90D.dll
 0005:00000ca8       __imp__strncpy             0047eca8     msvcrtd:MSVCR90D.dll
 0005:00000cac       __imp__fopen               0047ecac     msvcrtd:MSVCR90D.dll
 0005:00000cb0       __imp__fseek               0047ecb0     msvcrtd:MSVCR90D.dll
 0005:00000cb4       __imp__isalpha             0047ecb4     msvcrtd:MSVCR90D.dll
 0005:00000cb8       __imp__fread               0047ecb8     msvcrtd:MSVCR90D.dll
 0005:00000cbc       __imp__ferror              0047ecbc     msvcrtd:MSVCR90D.dll
 0005:00000cc0       __imp__feof                0047ecc0     msvcrtd:MSVCR90D.dll
 0005:00000cc4       __imp__fclose              0047ecc4     msvcrtd:MSVCR90D.dll
 0005:00000cc8       __imp__strcat              0047ecc8     msvcrtd:MSVCR90D.dll
 0005:00000ccc       __imp__atoi                0047eccc     msvcrtd:MSVCR90D.dll
 0005:00000cd0       __imp__strlen              0047ecd0     msvcrtd:MSVCR90D.dll
 0005:00000cd4       __imp__memcpy              0047ecd4     msvcrtd:MSVCR90D.dll
 0005:00000cd8       __imp__sprintf             0047ecd8     msvcrtd:MSVCR90D.dll
 0005:00000cdc       __imp__malloc              0047ecdc     msvcrtd:MSVCR90D.dll
 0005:00000ce0       __imp__strcmp              0047ece0     msvcrtd:MSVCR90D.dll
 0005:00000ce4       __imp__strcpy              0047ece4     msvcrtd:MSVCR90D.dll
 0005:00000ce8       __imp__free                0047ece8     msvcrtd:MSVCR90D.dll
 0005:00000cec       __imp__memset              0047ecec     msvcrtd:MSVCR90D.dll
 0005:00000cf0       __imp__scanf               0047ecf0     msvcrtd:MSVCR90D.dll
 0005:00000cf4       __imp__getchar             0047ecf4     msvcrtd:MSVCR90D.dll
 0005:00000cf8       __imp__strchr              0047ecf8     msvcrtd:MSVCR90D.dll
 0005:00000cfc       __imp__fgetc               0047ecfc     msvcrtd:MSVCR90D.dll
 0005:00000d00       __imp__realloc             0047ed00     msvcrtd:MSVCR90D.dll
 0005:00000d04       __imp__strrchr             0047ed04     msvcrtd:MSVCR90D.dll
 0005:00000d08       __imp__fprintf             0047ed08     msvcrtd:MSVCR90D.dll
 0005:00000d0c       __imp__fputc               0047ed0c     msvcrtd:MSVCR90D.dll
 0005:00000d10       __imp___setmode            0047ed10     msvcrtd:MSVCR90D.dll
 0005:00000d14       __imp___fileno             0047ed14     msvcrtd:MSVCR90D.dll
 0005:00000d18       __imp__rewind              0047ed18     msvcrtd:MSVCR90D.dll
 0005:00000d1c       __imp__memmove             0047ed1c     msvcrtd:MSVCR90D.dll
 0005:00000d20       __imp___CRT_RTC_INITW      0047ed20     msvcrtd:MSVCR90D.dll
 0005:00000d24       __imp___configthreadlocale 0047ed24     msvcrtd:MSVCR90D.dll
 0005:00000d28       __imp____setusermatherr    0047ed28     msvcrtd:MSVCR90D.dll
 0005:00000d2c       __imp___adjust_fdiv        0047ed2c     msvcrtd:MSVCR90D.dll
 0005:00000d30       __imp____p__commode        0047ed30     msvcrtd:MSVCR90D.dll
 0005:00000d34       __imp____p__fmode          0047ed34     msvcrtd:MSVCR90D.dll
 0005:00000d38       __imp___encode_pointer     0047ed38     msvcrtd:MSVCR90D.dll
 0005:00000d3c       __imp____set_app_type      0047ed3c     msvcrtd:MSVCR90D.dll
 0005:00000d40       __imp___amsg_exit          0047ed40     msvcrtd:MSVCR90D.dll
 0005:00000d44       __imp____getmainargs       0047ed44     msvcrtd:MSVCR90D.dll
 0005:00000d48       __imp___exit               0047ed48     msvcrtd:MSVCR90D.dll
 0005:00000d4c       __imp___XcptFilter         0047ed4c     msvcrtd:MSVCR90D.dll
 0005:00000d50       __imp___cexit              0047ed50     msvcrtd:MSVCR90D.dll
 0005:00000d54       __imp__exit                0047ed54     msvcrtd:MSVCR90D.dll
 0005:00000d58       __imp____initenv           0047ed58     msvcrtd:MSVCR90D.dll
 0005:00000d5c       __imp___CrtSetCheckCount   0047ed5c     msvcrtd:MSVCR90D.dll
 0005:00000d60       __imp___CrtDbgReportW      0047ed60     msvcrtd:MSVCR90D.dll
 0005:00000d64       __imp___initterm           0047ed64     msvcrtd:MSVCR90D.dll
 0005:00000d68       __imp___initterm_e         0047ed68     msvcrtd:MSVCR90D.dll
 0005:00000d6c       __imp___crt_debugger_hook  0047ed6c     msvcrtd:MSVCR90D.dll
 0005:00000d70       __imp___except_handler4_common 0047ed70     msvcrtd:MSVCR90D.dll
 0005:00000d74       __imp_?terminate@@YAXXZ    0047ed74     msvcrtd:MSVCR90D.dll
 0005:00000d78       __imp___controlfp_s        0047ed78     msvcrtd:MSVCR90D.dll
 0005:00000d7c       __imp___invoke_watson      0047ed7c     msvcrtd:MSVCR90D.dll
 0005:00000d80       __imp___unlock             0047ed80     msvcrtd:MSVCR90D.dll
 0005:00000d84       __imp____dllonexit         0047ed84     msvcrtd:MSVCR90D.dll
 0005:00000d88       __imp___lock               0047ed88     msvcrtd:MSVCR90D.dll
 0005:00000d8c       __imp___onexit             0047ed8c     msvcrtd:MSVCR90D.dll
 0005:00000d90       __imp___decode_pointer     0047ed90     msvcrtd:MSVCR90D.dll
 0005:00000d94       __imp__ftell               0047ed94     msvcrtd:MSVCR90D.dll
 0005:00000d98       __imp__printf              0047ed98     msvcrtd:MSVCR90D.dll
 0005:00000d9c       __imp___realloc_dbg        0047ed9c     msvcrtd:MSVCR90D.dll
 0005:00000da0       __imp___filelength         0047eda0     msvcrtd:MSVCR90D.dll
 0005:00000da4       __imp__wcslen              0047eda4     msvcrtd:MSVCR90D.dll
 0005:00000da8       __imp___free_dbg           0047eda8     msvcrtd:MSVCR90D.dll
 0005:00000dac       __imp___malloc_dbg         0047edac     msvcrtd:MSVCR90D.dll
 0005:00000db0       __imp___chkesp             0047edb0     msvcrtd:MSVCR90D.dll
 0005:00000db4       __imp___wfopen             0047edb4     msvcrtd:MSVCR90D.dll
 0005:00000db8       __imp___itoa               0047edb8     msvcrtd:MSVCR90D.dll
 0005:00000db8       __imp__itoa                0047edb8     msvcrtd:MSVCR90D.dll
 0005:00000dbc       \177MSVCR90D_NULL_THUNK_DATA 0047edbc     msvcrtd:MSVCR90D.dll
 0005:00000e28       __imp__SHGetPathFromIDListA@8 0047ee28     shell32:SHELL32.dll
 0005:00000e2c       __imp__SHGetSpecialFolderLocation@12 0047ee2c     shell32:SHELL32.dll
 0005:00000e30       \177SHELL32_NULL_THUNK_DATA 0047ee30     shell32:SHELL32.dll

 entry point at        0002:00000be5

